commit: 5b1047d10d32e7d5b446be4de56b126ff42f82bb

binder_symbols Summary:
What a pass means: every symbol in the .symbols baseline exists with the same declaration lines
Passed         : 7751/8455 (91.67%)
Failed         : 704
Skipped        : 3989 (excluded from the denominator)

  2321  skipped: no .symbols baseline
  671  skipped: the baseline names no symbols in any unit we bind
  547  skipped: the parser reports errors for this file
  450  skipped: upstream records a known divergence from TypeScript (.diff baseline)

First 100 of 704 failures:
compiler/aliasBug
  3 symbol(s): booz: declared on {7}, expected to include {4, 7}; provide.Provide: no symbol; provide.bar: no symbol
compiler/aliasDoesNotDuplicateSignatures
  1 symbol(s): demo.d.ts: alias: declared on {3}, expected to include {0, 3}
compiler/allowImportClausesToMergeWithTypes
  1 symbol(s): a.ts: zzz: declared on {0, 4}, expected to include {0, 4, 9}
compiler/ambientExportDefaultErrors
  2 symbol(s): foo.d.ts: Foo: no symbol; foo2.d.ts: Foo2: no symbol
compiler/ambientExternalModuleWithRelativeModuleName
  1 symbol(s): .\\relativeModule: no symbol
compiler/argumentsUsedInClassFieldInitializerOrStaticInitializationBlock
  1 symbol(s): (Anonymous class)[Symbol.iterator]: no symbol
compiler/asiAbstract
  2 symbol(s): C2.abstract: no symbol; C2.nonAbstractFunction: declared on {5}, expected to include {6}
compiler/asyncYieldStarContextualType
  1 symbol(s): Result[Symbol.iterator]: no symbol
compiler/augmentExportEquals3
  1 symbol(s): file2.ts: x.b: no symbol
compiler/augmentExportEquals4
  1 symbol(s): file2.ts: x.b: no symbol
compiler/augmentExportEquals6
  1 symbol(s): file2.ts: x.B.b: no symbol
compiler/capturedLetConstInLoop13
  1 symbol(s): [name + ".a"]: no symbol
compiler/capturedParametersInInitializers1
  1 symbol(s): [z]: no symbol
compiler/checkDestructuringShorthandAssigment2
  1 symbol(s): [k]: no symbol
compiler/checkJsFiles7
  1 symbol(s): C.a: no symbol
compiler/checkJsFiles_noErrorLocation
  1 symbol(s): B.foo: no symbol
compiler/checkJsObjectLiteralIndexSignatures
  2 symbol(s): [n]: no symbol; [s]: no symbol
compiler/checkJsTypeDefNoUnusedLocalMarked
  2 symbol(s): something.js: exports: no symbol; something.js: module: no symbol
compiler/checkMergedGlobalUMDSymbol
  1 symbol(s): global.d.ts: THREE: declared on {5}, expected to include {0, 5}
compiler/checkSuperCallBeforeThisAccessing9
  1 symbol(s): Derived.x: no symbol
compiler/checkingObjectDefinePropertyOnFunctionNonexistentPropertyNoCrash1
  1 symbol(s): composed.name: no symbol
compiler/checkingObjectWithThisInNamePositionNoCrash
  1 symbol(s): [this.a]: no symbol
compiler/circularlyConstrainedMappedTypeContainingConditionalNoInfiniteInstantiationDepth
  1 symbol(s): Validator[nominalTypeHack]: no symbol
compiler/classDeclarationShouldBeOutOfScopeInComputedNames
  2 symbol(s): A[A.p1]: no symbol; A[A.p2]: no symbol
compiler/classExtendingAny
  1 symbol(s): b.js: B.wat: no symbol
compiler/classFieldSuperAccessibleJs1
  1 symbol(s): C.blah2: no symbol
compiler/classFieldSuperNotAccessibleJs
  2 symbol(s): YaddaBase.foo: no symbol; YaddaBase.roots: no symbol
compiler/classImplementsImportedInterface
  1 symbol(s): T: declared on {6}, expected to include {0, 6}
compiler/classMergedWithInterfaceMultipleBasesNoError
  3 symbol(s): default: no symbol; default.handleIntersection: no symbol; default.observer: no symbol
compiler/classNonUniqueSymbolMethodHasSymbolIndexer
  2 symbol(s): (Anonymous class)[a]: no symbol; A[a]: no symbol
compiler/collisionExportsRequireAndInternalModuleAliasInGlobalFile
  1 symbol(s): exports: declared on {3, 9, 16}, expected to include {0, 3, 9, 16}
compiler/commaOperatorInConditionalExpression
  1 symbol(s): [m]: no symbol
compiler/commonJsIsolatedModules
  2 symbol(s): exports: no symbol; module: no symbol
compiler/complexRecursiveCollections
  3 symbol(s): immutable.ts: Indexed[Symbol.iterator]: no symbol; immutable.ts: Instance[Symbol.iterator]: no symbol; immutable.ts: Keyed[Symbol.iterator]: no symbol
compiler/computedPropertiesInDestructuring1
  3 symbol(s): [(1 + {})]: no symbol; [foo()]: no symbol; [foo2()]: no symbol
compiler/computedPropertiesInDestructuring1_ES6
  3 symbol(s): [(1 + {})]: no symbol; [foo()]: no symbol; [foo2()]: no symbol
compiler/computedPropertiesNarrowed
  3 symbol(s): 1-1: no symbol; [-1]: no symbol; [E.A]: no symbol
compiler/computedPropertiesTransformedInOtherwiseNonTSClasses
  1 symbol(s): NotTransformed[NS.x]: no symbol
compiler/computedPropertyBindingElementDeclarationNoCrash1
  1 symbol(s): [key]: no symbol
compiler/computedPropertyNameAndTypeParameterConflict
  1 symbol(s): Bar[O]: no symbol
compiler/constEnumOnlyModuleMerging
  3 symbol(s): O: declared on {8}, expected to include {0, 2, 8}; O.A: no symbol; O.A.X: no symbol
compiler/constEnums
  3 symbol(s): I: declared on {13, 95}, expected to include {51, 62, 95}; I.V1: no symbol; I.V2: no symbol
compiler/contextualComputedNonBindablePropertyType
  2 symbol(s): [propSelector('bar')]: no symbol; [testD()]: no symbol
compiler/contextuallyTypedSymbolNamedProperties
  2 symbol(s): [A]: no symbol; [B]: no symbol
compiler/controlFlowInstanceofWithSymbolHasInstance
  3 symbol(s): A[Symbol.hasInstance]: no symbol; PromiseConstructor[Symbol.hasInstance]: no symbol; SetConstructor[Symbol.hasInstance]: no symbol
compiler/crashInYieldStarInAsyncFunction
  1 symbol(s): [Symbol.asyncIterator]: no symbol
compiler/declFileAliasUseBeforeDeclaration2
  1 symbol(s): E: declared on {6}, expected to include {1, 6}
compiler/declFileImportedTypeUseInTypeArgPosition
  1 symbol(s): x.Foo: no symbol
compiler/declFileInternalAliases
  1 symbol(s): x: declared on {4, 8}, expected to include {0, 4, 8}
compiler/declarationEmitAnyComputedPropertyInClass
  1 symbol(s): main.ts: C[Test.someKey]: no symbol
compiler/declarationEmitClassMemberWithComputedPropertyName
  3 symbol(s): Foo[k1]: no symbol; Foo[k2]: no symbol; Foo[k3]: no symbol
compiler/declarationEmitComputedNameCausesImportToBePainted
  2 symbol(s): context.ts: Context[Key]: no symbol; index.ts: [Key]: no symbol
compiler/declarationEmitComputedNameConstEnumAlias
  1 symbol(s): index.ts: [EnumExample.TEST]: no symbol
compiler/declarationEmitComputedNameWithQuestionToken
  1 symbol(s): WithData[dataSomething]: no symbol
compiler/declarationEmitComputedNamesInaccessible
  3 symbol(s): ParameterizedHolder[localClassFieldName]: no symbol; ParameterizedHolder[localOtherField]: no symbol; ParameterizedHolder[localStaticField]: no symbol
compiler/declarationEmitComputedPropertyNameEnum1
  1 symbol(s): type.ts: [Enum.A]: no symbol
compiler/declarationEmitComputedPropertyNameEnum2
  1 symbol(s): type.ts: [Enum.A]: no symbol
compiler/declarationEmitComputedPropertyNameEnum3
  1 symbol(s): type.ts: [Foo.Enum]: no symbol
compiler/declarationEmitComputedPropertyNameSymbol1
  1 symbol(s): type.ts: [Foo.sym]: no symbol
compiler/declarationEmitComputedPropertyNameSymbol2
  1 symbol(s): type.ts: [Foo.sym]: no symbol
compiler/declarationEmitDefaultExportWithStaticAssignment
  3 symbol(s): index1.ts: Example.Foo: no symbol; index2.ts: Example.Foo: no symbol; index3.ts: Example.Bar: no symbol
compiler/declarationEmitDoesNotUseReexportedNamespaceAsLocal
  1 symbol(s): index.ts: Q: no symbol
compiler/declarationEmitExpandoPropertyPrivateName
  1 symbol(s): b.ts: q.val: no symbol
compiler/declarationEmitExpandoWithGenericConstraint
  1 symbol(s): Point.zero: no symbol
compiler/declarationEmitFunctionKeywordProp
  3 symbol(s): bar.async: no symbol; bar.normal: no symbol; baz.class: no symbol
compiler/declarationEmitLateBoundAssignments
  1 symbol(s): foo.bar: no symbol
compiler/declarationEmitLateBoundAssignments2
  3 symbol(s): arrow.B: no symbol; arrow3.77: no symbol; arrow5.101: no symbol
compiler/declarationEmitLateBoundJSAssignments
  1 symbol(s): foo.bar: no symbol
compiler/declarationEmitMixinPrivateProtected
  1 symbol(s): another.ts: default._onDispose: no symbol
compiler/declarationEmitMultipleComputedNamesSameDomain
  2 symbol(s): Test[x]: no symbol; Test[y]: no symbol
compiler/declarationEmitNameConflictsWithAlias
  1 symbol(s): v.I: no symbol
compiler/declarationEmitPartialReuseComputedProperty
  3 symbol(s): a.ts: [n]: no symbol; a.ts: [neg]: no symbol; a.ts: [poz]: no symbol
compiler/declarationEmitPrivateSymbolCausesVarDeclarationEmit2
  2 symbol(s): b.ts: C[x]: no symbol; c.ts: D[x]: no symbol
compiler/declarationEmitPrivateSymbolCausesVarDeclarationToBeEmitted
  1 symbol(s): User[_data]: no symbol
compiler/declarationEmitPropertyNumericStringKey
  2 symbol(s): [hundredNum]: no symbol; [hundredStr]: no symbol
compiler/declarationEmitReadonlyComputedProperty
  2 symbol(s): bug.ts: Interface[SYMBOL]: no symbol; bug.ts: [SYMBOL]: no symbol
compiler/declarationEmitSimpleComputedNames1
  3 symbol(s): Holder[classFieldName]: no symbol; Holder[otherField]: no symbol; Holder[staticField]: no symbol
compiler/declarationEmitStringEnumUsedInNonlocalSpread
  3 symbol(s): class.ts: ITest[TestEnum.Test1]: no symbol; class.ts: ITest[TestEnum.Test2]: no symbol; class.ts: [TestEnum.Test1]: no symbol
compiler/declarationTypecheckNoUseBeforeReferenceCheck
  1 symbol(s): C[C.p]: no symbol
compiler/declarationsWithRecursiveInternalTypesProduceUniqueTypeParams
  1 symbol(s): [key]: no symbol
compiler/declareDottedExtend
  2 symbol(s): ab: declared on {3}, expected to include {0, 3}; ab.C: no symbol
compiler/decoratorsOnComputedProperties
  3 symbol(s): A[Symbol.isConcatSpreadable]: no symbol; A[Symbol.iterator]: no symbol; A[Symbol.match]: no symbol
compiler/deeplyNestedMappedTypes
  3 symbol(s): Input: declared on {46, 49}, expected to include {44, 49}; TKind[Kind]: no symbol; TObject[Kind]: no symbol
compiler/destructuringAssignment_private
  2 symbol(s): [nameO]: no symbol; [nameX]: no symbol
compiler/destructuringInitializerContextualTypeFromContext
  1 symbol(s): f: declared on {20}, expected to include {18}
compiler/duplicateIdentifierDifferentSpelling
  1 symbol(s): A.0b11: declared on {0}, expected to include {0, 1}
compiler/duplicateObjectLiteralProperty_computedName1
  3 symbol(s): +1: declared on {15, 20, 21}, expected to include {15, 16, 20, 21}; -1: declared on {25, 30, 31}, expected to include {25, 26, 30, 31}; [+1]: no symbol
compiler/duplicateObjectLiteralProperty_computedName2
  3 symbol(s): [E1.A]: no symbol; [E2.B]: no symbol; [n]: no symbol
compiler/duplicateObjectLiteralProperty_computedName3
  3 symbol(s): b.ts: [keys.E1.A]: no symbol; b.ts: [keys.E2.B]: no symbol; b.ts: [keys.n]: no symbol
compiler/duplicateObjectLiteralProperty_computedNameNegative1
  2 symbol(s): [x]: no symbol; [y]: no symbol
compiler/dynamicNames
  3 symbol(s): module.ts: T0[c0]: no symbol; module.ts: T0[c1]: no symbol; module.ts: T0[s0]: no symbol
compiler/dynamicNamesErrors
  3 symbol(s): ClassMemberVisibility[w]: no symbol; ClassMemberVisibility[x]: no symbol; ClassMemberVisibility[y]: no symbol
compiler/ensureNoCrashExportAssignmentDefineProperrtyPotentialMerge
  3 symbol(s): index.js: exports: no symbol; index.js: module: no symbol; namespacey.js: bar: no symbol
compiler/enumWithUnicodeEscape1
  1 symbol(s): E.gold \u2730: no symbol
compiler/erasableSyntaxOnly
  2 symbol(s): index.ts: FineAlias: declared on {60}, expected to include {58, 60}; index.ts: NoGoodAlias: declared on {23}, expected to include {21, 23}
compiler/erasableSyntaxOnlyDeclaration
  2 symbol(s): index.d.ts: FineAlias: declared on {43}, expected to include {41, 43}; index.d.ts: NoGoodAlias: declared on {12}, expected to include {10, 12}
compiler/es6ExportDefaultClassDeclaration2
  1 symbol(s): default.method: no symbol
compiler/es6ModuleInternalImport
  2 symbol(s): a2: declared on {3}, expected to include {1, 3}; a4: declared on {7, 13}, expected to include {1, 7, 13}
compiler/esModuleInteropDefaultImports
  2 symbol(s): b.ts: self.def: no symbol; b.ts: self.default: no symbol
compiler/esModuleInteropImportTSLibHasImport
  2 symbol(s): index.ts: sayHello: no symbol; index.ts: username: no symbol
