commit: 5b1047d10d32e7d5b446be4de56b126ff42f82bb

binder_symbols Summary:
What a pass means: every symbol in the .symbols baseline exists with the same declaration lines
Passed         : 8450/8461 (99.87%)
Failed         : 11
Skipped        : 3983 (excluded from the denominator)

  1397  skipped: configuration-varied baseline (bd tsr-bb4.1)
  673  skipped: the baseline names no symbols in any unit we bind
  539  skipped: the parser reports errors for this file
  924  skipped: upstream recorded no .symbols baseline
  450  skipped: upstream records a known divergence from TypeScript (.diff baseline)

compiler/ambientExternalModuleWithRelativeModuleName
  1 symbol(s): .\\relativeModule: no symbol
compiler/invalidUnicodeEscapeSequance4
  1 symbol(s): u0031a: no symbol
compiler/moduleElementsInWrongContext
  1 symbol(s): Foo: declared on {24}, expected to include {6, 24}
compiler/module_augmentUninstantiatedModule
  1 symbol(s): M: declared on {0, 2}, expected to include {0, 2, 6}
compiler/ramdaToolsNoInfinite2
  3 symbol(s): ONonNullable: declared on {489}, expected to include {183, 489}; UKeys: declared on {23, 113}, expected to include {23, 96, 113}; UNonNullable: declared on {165}, expected to include {137, 165}
compiler/staticFieldWithInterfaceContext
  3 symbol(s): c.x: declared on {3}, expected to include {3, 15, 17}; c10.x: no symbol; c11.x: no symbol
conformance/autoAccessorNoUseDefineForClassFields
  1 symbol(s): file3.ts: C3.x: no symbol
conformance/moduleExportsAliasLoop2
  1 symbol(s): fn2: declared on {1}, expected to include {0, 1}
conformance/noUncheckedIndexedAccessDestructuring
  2 symbol(s): q.__index: no symbol; t2.__index: no symbol
conformance/parserComputedPropertyName1
  1 symbol(s): [e]: no symbol
conformance/thisTypeInFunctionsNegative
  2 symbol(s): (Missing): no symbol; C: declared on {0}, expected to include {0, 171}
