commit: 5b1047d10d32e7d5b446be4de56b126ff42f82bb

checker_types Summary:
What a pass means: the type of every expression matches upstream's .types baseline, line for line, for every file of the case. The `lines` gradient beside it is the share of individual assertions that match; the walker feeding both agrees with upstream on 97.85% of assertion TEXT, so the residual is the checker rather than the walk
Passed         : 1539/9538 (16.14%)
Assertion lines: 251932/478954 (52.60%)  — a gradient, not a pass rate
Failed         : 7999
Skipped        : 2906 (excluded from the denominator)

  1397  skipped: configuration-varied baseline (bd tsr-bb4.1)
  135  skipped: the .types baseline has no assertions
  924  skipped: upstream recorded no .types baseline
  450  skipped: upstream records a known divergence from TypeScript

First 100 of 7999 failures:
compiler/2dArrays
  2dArrays.ts: >allShipsSunk : error — expected >allShipsSunk : () => boolean
compiler/ClassDeclaration26
  ClassDeclaration26.ts: 5 assertion(s), expected 6
compiler/DeclarationErrorsNoEmitOnError
  DeclarationErrorsNoEmitOnError.ts: >T : { x: number; } — expected >T : T
compiler/ExportAssignment7
  ExportAssignment7.ts: >B : error — expected >B : any
compiler/ExportAssignment8
  ExportAssignment8.ts: >B : error — expected >B : any
compiler/MemberAccessorDeclaration15
  MemberAccessorDeclaration15.ts: >Foo : error — expected >Foo : number
compiler/ParameterList5
  ParameterList5.ts: >A : error — expected >A : () => (B: any) => C
compiler/TransportStream
  TransportStream.ts: >G : error — expected >G : any
compiler/abstractClassInLocalScope
  abstractClassInLocalScope.ts: >(() => {    abstract class A {}    class B extends A {}    new B();    return A;})() : error — expected >(() => {    abstract class A {}    class B extends A {}    new B();    return A;})() : typeof A
compiler/abstractClassInLocalScopeIsAbstract
  abstractClassInLocalScopeIsAbstract.ts: >(() => {    abstract class A {}    class B extends A {}    new A();    new B();})() : error — expected >(() => {    abstract class A {}    class B extends A {}    new A();    new B();})() : void
compiler/abstractClassUnionInstantiation
  abstractClassUnionInstantiation.ts: >Abstracts : error — expected >Abstracts : Abstracts
compiler/abstractPropertyInConstructor
  abstractPropertyInConstructor.ts: >val : error — expected >val : string
compiler/acceptSymbolAsWeakType
  acceptSymbolAsWeakType.ts: >Symbol('s') : error — expected >Symbol('s') : unique symbol
compiler/acceptableAlias1
  acceptableAlias1.ts: >X : error — expected >X : any
compiler/accessInstanceMemberFromStaticMethod01
  accessInstanceMemberFromStaticMethod01.ts: >k : error — expected >k : any
compiler/accessOverriddenBaseClassMember1
  accessOverriddenBaseClassMember1.ts: >toString : error — expected >toString : () => string
compiler/accessStaticMemberFromInstanceMethod01
  accessStaticMemberFromInstanceMethod01.ts: >k : error — expected >k : any
compiler/accessorBodyInTypeContext
  accessorBodyInTypeContext.ts: 12 assertion(s), expected 10
compiler/accessorDeclarationEmitJs
  /a.js: >t1 : error — expected >t1 : { p: string; readonly getter: string; }
compiler/accessorDeclarationEmitVisibilityErrors
  accessorDeclarationEmitVisibilityErrors.ts: >bet : error — expected >bet : DoesNotExist
compiler/accessorDeclarationOrder
  accessorDeclarationOrder.ts: >name : error — expected >name : string
compiler/accessorInferredReturnTypeErrorInReturnStatement
  accessorInferredReturnTypeErrorInReturnStatement.ts: >basePrototype : error — expected >basePrototype : { readonly primaryPath: any; }
compiler/accessorsEmit
  accessorsEmit.ts: >Property : error — expected >Property : Result
compiler/accessors_spec_section-4.5_error-cases
  accessors_spec_section-4.5_error-cases.ts: >AnnotatedSetter_SetterFirst : error — expected >AnnotatedSetter_SetterFirst : number
compiler/accessors_spec_section-4.5_inference
  accessors_spec_section-4.5_inference.ts: >InferredGetterFromSetterAnnotation : error — expected >InferredGetterFromSetterAnnotation : A
compiler/addMoreCallSignaturesToBaseSignature
  addMoreCallSignaturesToBaseSignature.ts: >kitty : error — expected >kitty : string
compiler/addMoreCallSignaturesToBaseSignature2
  addMoreCallSignaturesToBaseSignature2.ts: >kitty : error — expected >kitty : string
compiler/aliasAssignments
  aliasAssignments_1.ts: >moduleA : error — expected >moduleA : typeof moduleA
compiler/aliasBug
  aliasBug.ts: >provide : error — expected >provide : typeof foo
compiler/aliasDoesNotDuplicateSignatures
  demo.d.ts: >'demoModule' : error — expected >'demoModule' : typeof import("demoModule")
compiler/aliasErrors
  aliasErrors.ts: >provide : error — expected >provide : typeof foo
compiler/aliasInaccessibleModule
  aliasInaccessibleModule.ts: >X : error — expected >X : any
compiler/aliasInaccessibleModule2
  aliasInaccessibleModule2.ts: >R : error — expected >R : typeof N
compiler/aliasInstantiationExpressionGenericIntersectionNoCrash1
  aliasInstantiationExpressionGenericIntersectionNoCrash1.ts: >Err : error — expected >Err : typeof ErrImpl & (<T>() => T)
compiler/aliasInstantiationExpressionGenericIntersectionNoCrash2
  aliasInstantiationExpressionGenericIntersectionNoCrash2.ts: >ClassAlias : ClassAlias<T> — expected >ClassAlias : typeof Class<T>
compiler/aliasOfGenericFunctionWithRestBehavedSameAsUnaliased
  aliasOfGenericFunctionWithRestBehavedSameAsUnaliased.ts: >a : error — expected >a : a
compiler/aliasOnMergedModuleInterface
  aliasOnMergedModuleInterface_1.ts: >foo : error — expected >foo : any
compiler/aliasUsageInArray
  aliasUsageInArray_main.ts: >Backbone : error — expected >Backbone : typeof Backbone
compiler/aliasUsageInFunctionExpression
  aliasUsageInFunctionExpression_main.ts: >Backbone : error — expected >Backbone : typeof Backbone
compiler/aliasUsageInGenericFunction
  aliasUsageInGenericFunction_main.ts: >Backbone : error — expected >Backbone : typeof Backbone
compiler/aliasUsageInIndexerOfClass
  aliasUsageInIndexerOfClass_main.ts: >Backbone : error — expected >Backbone : typeof Backbone
compiler/aliasUsageInObjectLiteral
  aliasUsageInObjectLiteral_main.ts: >Backbone : error — expected >Backbone : typeof Backbone
compiler/aliasUsageInOrExpression
  aliasUsageInOrExpression_main.ts: >Backbone : error — expected >Backbone : typeof Backbone
compiler/aliasUsageInTypeArgumentOfExtendsClause
  aliasUsageInTypeArgumentOfExtendsClause_main.ts: >Backbone : error — expected >Backbone : typeof Backbone
compiler/aliasUsageInVarAssignment
  aliasUsageInVarAssignment_main.ts: >Backbone : error — expected >Backbone : typeof Backbone
compiler/aliasUsedAsNameValue
  aliasUsedAsNameValue_2.ts: >mod : error — expected >mod : typeof mod
compiler/aliasWithInterfaceExportAssignmentUsedInVarInitializer
  aliasWithInterfaceExportAssignmentUsedInVarInitializer_1.ts: >moduleA : error — expected >moduleA : any
compiler/allowImportClausesToMergeWithTypes
  b.ts: >zzz : error — expected >zzz : 123
compiler/allowJsClassThisTypeCrash
  app.js: >g.prototype.m : error — expected >g.prototype.m : any
compiler/allowJsCrossMonorepoPackage
  /packages/main/index.ts: >x : error — expected >x : "pkg"
compiler/allowJscheckJsTypeParameterNoCrash
  app.js: >vextend : error — expected >vextend : (options: ComponentOptions<{}>) => void
compiler/allowSyntheticDefaultImports1
  a.ts: >Namespace : error — expected >Namespace : typeof Namespace
compiler/allowSyntheticDefaultImports10
  a.ts: >Foo : error — expected >Foo : typeof Foo
compiler/allowSyntheticDefaultImports4
  b.d.ts: >Foo : typeof Foo — expected >Foo : Foo
compiler/allowSyntheticDefaultImports9
  a.ts: >default : error — expected >default : typeof Foo
compiler/allowSyntheticDefaultImportsCanPaintCrossModuleDeclaration
  color.ts: >Color : error — expected >Color : Color
compiler/alwaysStrict
  alwaysStrict.ts: >arguments : never[] — expected >arguments : any[]
compiler/alwaysStrictAlreadyUseStrict
  alwaysStrictAlreadyUseStrict.ts: >a : never[] — expected >a : any[]
compiler/alwaysStrictES6
  alwaysStrictES6.ts: >arguments : never[] — expected >arguments : any[]
compiler/alwaysStrictModule
  alwaysStrictModule.ts: >arguments : never[] — expected >arguments : any[]
compiler/ambientClassDeclarationWithExtends
  ambientClassDeclarationExtends_singleFile.ts: >new D() : error — expected >new D() : D
compiler/ambientClassDeclaredBeforeBase
  a.d.ts: >FirstNS : error — expected >FirstNS : FirstNS
compiler/ambientConstLiterals
  ambientConstLiterals.ts: >A : error — expected >A : E.A
compiler/ambientEnum1
  ambientEnum1.ts: >y : error — expected >y : E1.y
compiler/ambientEnumElementInitializer1
  ambientEnumElementInitializer1.ts: >e : error — expected >e : E.e
compiler/ambientEnumElementInitializer2
  ambientEnumElementInitializer2.ts: >e : error — expected >e : E.e
compiler/ambientEnumElementInitializer3
  ambientEnumElementInitializer3.ts: >e : error — expected >e : E.e
compiler/ambientEnumElementInitializer4
  ambientEnumElementInitializer4.ts: >e : error — expected >e : E.e
compiler/ambientEnumElementInitializer5
  ambientEnumElementInitializer5.ts: >e : error — expected >e : E.e
compiler/ambientEnumElementInitializer6
  ambientEnumElementInitializer6.ts: >e : error — expected >e : E.e
compiler/ambientExportDefaultErrors
  foo.d.ts: >Foo : error — expected >Foo : typeof import("./foo")
compiler/ambientExternalModuleInAnotherExternalModule
  ambientExternalModuleInAnotherExternalModule.ts: >D : typeof D — expected >D : D
compiler/ambientExternalModuleReopen
  ambientExternalModuleReopen.ts: >"fs" : error — expected >"fs" : typeof import("fs")
compiler/ambientExternalModuleWithRelativeExternalImportDeclaration
  ambientExternalModuleWithRelativeExternalImportDeclaration.ts: >"OuterModule" : error — expected >"OuterModule" : typeof import("OuterModule")
compiler/ambientExternalModuleWithRelativeModuleName
  ambientExternalModuleWithRelativeModuleName.ts: >"./relativeModule" : error — expected >"./relativeModule" : typeof import("./relativeModule")
compiler/ambientModuleExports
  ambientModuleExports.ts: >Foo.a() : error — expected >Foo.a() : void
compiler/ambientModuleWithClassDeclarationWithExtends
  ambientModuleWithClassDeclarationWithExtends.ts: >A : error — expected >A : A
compiler/ambientModuleWithTemplateLiterals
  ambientModuleWithTemplateLiterals.ts: >a : error — expected >a : Bar.a
compiler/ambientModules
  ambientModules.ts: >Foo.Bar.foo : error — expected >Foo.Bar.foo : any
compiler/ambientPropertyDeclarationInJs
  /test.js: >this.prop : error — expected >this.prop : string
compiler/ambiguousCallsWhereReturnTypesAgree
  ambiguousCallsWhereReturnTypesAgree.ts: >this.bar(x) : error — expected >this.bar(x) : void
compiler/ambiguousGenericAssertion1
  ambiguousGenericAssertion1.ts: ><<T : error — expected ><<T : number
compiler/ambiguousOverload
  ambiguousOverload.ts: >foof("s", null) : error — expected >foof("s", null) : number
compiler/ambiguousOverloadResolution
  ambiguousOverloadResolution.ts: >f(x, x) : error — expected >f(x, x) : number
compiler/amdDependencyComment1
  amdDependencyComment1.ts: >m1 : error — expected >m1 : any
compiler/amdDependencyCommentName1
  amdDependencyCommentName1.ts: >m1 : error — expected >m1 : any
compiler/amdLikeInputDeclarationEmit
  deps/BaseClass.d.ts: >"deps/BaseClass" : error — expected >"deps/BaseClass" : typeof import("deps/BaseClass")
compiler/anonClassDeclarationEmitIsAnon
  wrapClass.ts: >wrapClass : error — expected >wrapClass : (param: any) => typeof Wrapped
compiler/anonterface
  anonterface.ts: >m : error — expected >m : (fn: { (n: number): string; }, n2: number) => string
compiler/anonymousClassDeclarationDoesntPrintWithReadonly
  anonymousClassDeclarationDoesntPrintWithReadonly.ts: >y : error — expected >y : () => typeof (Anonymous class)
compiler/anonymousClassExpression1
  anonymousClassExpression1.ts: >f : error — expected >f : () => boolean
compiler/anonymousClassExpression2
  anonymousClassExpression2.ts: >this.methodA : error — expected >this.methodA : any
compiler/anonymousModules
  anonymousModules.ts: >module : error — expected >module : any
compiler/anyAndUnknownHaveFalsyComponents
  anyAndUnknownHaveFalsyComponents.ts: >y1 : error — expected >y1 : any
compiler/anyAsReturnTypeForNewOnCall
  anyAsReturnTypeForNewOnCall.ts: >this.x : error — expected >this.x : any
compiler/anyDeclare
  anyDeclare.ts: >myFn : error — expected >myFn : any
compiler/anyIdenticalToItself
  anyIdenticalToItself.ts: >X : error — expected >X : any
compiler/anyIndexedAccessArrayNoException
  anyIndexedAccessArrayNoException.ts: >x : error — expected >x : any
compiler/anyInferenceAnonymousFunctions
  anyInferenceAnonymousFunctions.ts: >paired.reduce(function (a1, a2) {    return a1.concat({});} , []) : error — expected >paired.reduce(function (a1, a2) {    return a1.concat({});} , []) : any
compiler/anyMappedTypesError
  anyMappedTypesError.ts: >Foo : error — expected >Foo : Foo
