commit: 5b1047d10d32e7d5b446be4de56b126ff42f82bb

checker_types Summary:
What a pass means: the type of every expression matches upstream's .types baseline, line for line, for every file of the case. The `lines` gradient beside it is the share of individual assertions that match; the walker feeding both agrees with upstream on 97.85% of assertion TEXT, so the residual is the checker rather than the walk
Passed         : 8247/9538 (86.46%)
Assertion lines: 471402/478855 (98.44%)  — a gradient, not a pass rate
Failed         : 1291
Skipped        : 2906 (excluded from the denominator)

  1397  skipped: configuration-varied baseline, judged per configuration by checker_types_configured
  135  skipped: the .types baseline has no assertions
  924  skipped: upstream recorded no .types baseline
  450  skipped: upstream records a known divergence from TypeScript

First 100 of 1291 failures:
compiler/abstractClassInLocalScopeIsAbstract
  abstractClassInLocalScopeIsAbstract.ts: >new A() : any — expected >new A() : A
compiler/acceptSymbolAsWeakType
  acceptSymbolAsWeakType.ts: >[[s, false]] : [symbol, boolean][] — expected >[[s, false]] : [symbol, false][]
compiler/accessorDeclarationEmitJs
  /a.js: >v : any — expected >v : string
compiler/aliasBug
  aliasBug.ts: >p2 : foo.Provide — expected >p2 : provide.Provide
compiler/aliasDoesNotDuplicateSignatures
  user.ts: >f : any — expected >f : () => void
compiler/aliasErrors
  aliasErrors.ts: >p2 : foo.Provide — expected >p2 : provide.Provide
compiler/aliasInaccessibleModule2
  aliasInaccessibleModule2.ts: >X : any — expected >X : typeof N
compiler/aliasInstantiationExpressionGenericIntersectionNoCrash1
  aliasInstantiationExpressionGenericIntersectionNoCrash1.ts: >ErrAlias : ErrAlias<U> — expected >ErrAlias : { new (): ErrImpl<U>; prototype: ErrImpl<any>; } & (() => U)
compiler/aliasInstantiationExpressionGenericIntersectionNoCrash2
  aliasInstantiationExpressionGenericIntersectionNoCrash2.ts: >ClassAlias : ClassAlias<T> — expected >ClassAlias : typeof Class<T>
compiler/aliasOfGenericFunctionWithRestBehavedSameAsUnaliased
  aliasOfGenericFunctionWithRestBehavedSameAsUnaliased.ts: >a : ExtendedMapper<any, any, [any]> — expected >a : a
compiler/aliasOnMergedModuleInterface
  aliasOnMergedModuleInterface_1.ts: >z.bar("hello") : B.A — expected >z.bar("hello") : foo.A
compiler/allowImportClausesToMergeWithTypes
  index.ts: >x : any — expected >x : zzz
compiler/allowJscheckJsTypeParameterNoCrash
  app.js: >this.data2 : WatchHandler<any> — expected >this.data2 : (val: any) => void
compiler/allowSyntheticDefaultImportsCanPaintCrossModuleDeclaration
  file2.ts: >styled : () => Color — expected >styled : () => import("./color").default
compiler/amdLikeInputDeclarationEmit
  ExtendedClass.js: >(BaseClass) => {            const ExtendedClass = BaseClass.extends({        f: function() {            return "something";        }    });    // Exports the module in a way tsc recognize class export     const module = {};    module.exports = ExtendedClass    return module.exports;} : (BaseClass: any) => any — expected >(BaseClass) => {            const ExtendedClass = BaseClass.extends({        f: function() {            return "something";        }    });    // Exports the module in a way tsc recognize class export     const module = {};    module.exports = ExtendedClass    return module.exports;} : (BaseClass: typeof import("deps/BaseClass")) => any
compiler/anonClassDeclarationEmitIsAnon
  wrapClass.ts: >Timestamped : <TBase extends Constructor>(Base: TBase) => any — expected >Timestamped : <TBase extends Constructor>(Base: TBase) => { new (...args: any[]): (Anonymous class); prototype: Timestamped.(Anonymous class); } & TBase
compiler/arrayBindingPatternOmittedExpressions
  arrayBindingPatternOmittedExpressions.ts: >f : any — expected >f : ([, a, , b, , , , s, , ,]?: string[]) => void
compiler/arrayDestructuringInSwitch2
  arrayDestructuringInSwitch2.ts: >n : any — expected >n : never
compiler/arrayFakeFlatNoCrashInferenceDeclarations
  arrayFakeFlatNoCrashInferenceDeclarations.ts: >BadFlatArray : BadFlatArray<Arr, Depth> — expected >BadFlatArray : { done: Arr; recur: Arr extends ReadonlyArray<infer InnerArr> ? BadFlatArray<InnerArr, [-1, 0, 1, 2, 3, 4, 5, 6, 7, 8, 9, 10, 11, 12, 13, 14, 15, 16, 17, 18, 19, 20][Depth]> : Arr; }[Depth extends -1 ? "done" : "recur"]
compiler/arrayFlatMap
  arrayFlatMap.ts: >array.flatMap((): ReadonlyArray<number> => []) : error — expected >array.flatMap((): ReadonlyArray<number> => []) : number[]
compiler/arrayFlatNoCrashInference
  arrayFlatNoCrashInference.ts: >foo : <T>(arr: T[], depth: number) => FlatArray<T[], number>[] — expected >foo : <T>(arr: T[], depth: number) => FlatArray<T, -1 | 0 | 1 | 2 | 3 | 4 | 5 | 6 | 7 | 8 | 9 | 10 | 11 | 12 | 13 | 14 | 15 | 16 | 17 | 18 | 19 | 20>[]
compiler/arrayFlatNoCrashInferenceDeclarations
  arrayFlatNoCrashInferenceDeclarations.ts: >foo : <T>(arr: T[], depth: number) => FlatArray<T[], number>[] — expected >foo : <T>(arr: T[], depth: number) => FlatArray<T, -1 | 0 | 1 | 2 | 3 | 4 | 5 | 6 | 7 | 8 | 9 | 10 | 11 | 12 | 13 | 14 | 15 | 16 | 17 | 18 | 19 | 20>[]
compiler/arrayconcat
  arrayconcat.ts: >this.options.sort : (compareFn?: (a: IOptions, b: IOptions) => number) => IOptions[] — expected >this.options.sort : (compareFn?: ((a: IOptions, b: IOptions) => number) | undefined) => IOptions[]
compiler/arrowExpressionBodyJSDoc
  mytest.js: >{ ...value } : T | {} — expected >{ ...value } : {}
compiler/arrowExpressionJs
  mytest.js: >{ ...value } : T | {} — expected >{ ...value } : {}
compiler/arrowFunctionsMissingTokens
  arrowFunctionsMissingTokens.ts: >c : any — expected >c : (x: any) => void
compiler/assignmentToInstantiationExpression
  assignmentToInstantiationExpression.ts: >obj.fn<number> : any — expected >obj.fn<number> : (() => number) | undefined
compiler/asyncImportNestedYield
  asyncImportNestedYield.ts: >foo : error — expected >foo : () => AsyncGenerator<string, void, string>
compiler/augmentExportEquals3
  file1.ts: >foo : typeof foo — expected >foo : typeof import("./file1")
compiler/augmentExportEquals4
  file1.ts: >foo : foo — expected >foo : import("./file1")
compiler/augmentExportEquals5
  express.d.ts: >e : typeof e — expected >e : typeof import("express")
compiler/augmentExportEquals6
  file1.ts: >foo : foo — expected >foo : import("./file1")
compiler/augmentExportEquals7
  /node_modules/@types/lib-extender/index.d.ts: >lib : () => void — expected >lib : { default: () => void; }
compiler/awaitedType
  awaitedType.ts: >T6 : any — expected >T6 : never
compiler/awaitedTypeNoLib
  awaitedTypeNoLib.ts: >result : Thenable<NotPromise<TResult>> — expected >result : Thenable<NotPromise<TResult>> | NotPromise<TResult>
compiler/awaitedTypeStrictNull
  awaitedTypeStrictNull.ts: >[        aaa,        bbb,    ] = await Promise.all([        MaybePromise(1),        MaybePromise('2'),        MaybePromise(true),    ]) : (MaybePromise<string> | MaybePromise<number> | MaybePromise<boolean>)[] — expected >[        aaa,        bbb,    ] = await Promise.all([        MaybePromise(1),        MaybePromise('2'),        MaybePromise(true),    ]) : [number, string, boolean]
compiler/badInferenceLowerPriorityThanGoodInference
  badInferenceLowerPriorityThanGoodInference.ts: >result : unknown — expected >result : { BLAH: number; }
compiler/baseClassImprovedMismatchErrors
  baseClassImprovedMismatchErrors.ts: >fn : () => string | number — expected >fn : () => number | string
compiler/baseConstraintOfDecorator
  baseConstraintOfDecorator.ts: >class decoratorFunc extends superClass {        constructor(...args: any[]) {            super(...args);            _instanceModifier(this, args);        }    } : typeof decoratorFunc — expected >class decoratorFunc extends superClass {        constructor(...args: any[]) {            super(...args);            _instanceModifier(this, args);        }    } : { new (...args: any[]): decoratorFunc; prototype: classExtender2.decoratorFunc; } & TFunction
compiler/baseExpressionTypeParameters
  baseExpressionTypeParameters.ts: >base<T>() : Base — expected >base<T>() : base.Base
compiler/bigintIndex
  a.ts: >key : any — expected >key : string | number | symbol
compiler/bigintPropertyName
  a.ts: >({1n: 123}) : any — expected >({1n: 123}) : {}
compiler/bindingPatternCannotBeOnlyInferenceSource
  bindingPatternCannotBeOnlyInferenceSource.ts: >useReduxDispatch1 : <T extends IDestructuring<{ funcA: (a: boolean) => void; funcB: (b: string, bb: string) => void; funcC: (c: number, cc: number, ccc: boolean) => void; }>>(destructuring: Destructuring<TFuncs1, T>) => T — expected >useReduxDispatch1 : <T extends IDestructuring<TFuncs1>>(destructuring: Destructuring<TFuncs1, T>) => T
compiler/booleanFilterAnyArray
  booleanFilterAnyArray.ts: >anys.filter(Bullean) : error — expected >anys.filter(Bullean) : Ari<any>
compiler/builtinIterator
  builtinIterator.ts: >Iterator : IteratorConstructor — expected >Iterator : Iterator<number, undefined, unknown>
compiler/callOfConditionalTypeWithConcreteBranches
  callOfConditionalTypeWithConcreteBranches.ts: >arg => useT(arg) : (arg: number) => void — expected >arg => useT(arg) : (arg: T & number) => void
compiler/callbacksDontShareTypes
  callbacksDontShareTypes.ts: >r5a : any — expected >r5a : Collection<string>
compiler/callsOnComplexSignatures
  callsOnComplexSignatures.tsx: >React : typeof import("react").React — expected >React : typeof React
compiler/cannotIndexGenericWritingError
  cannotIndexGenericWritingError.ts: >foo2 : <T extends number[] & { [s: string]: string | number; }>(target: T, p: string | number) => void — expected >foo2 : <T extends number[] & { [s: string]: number | string; }>(target: T, p: string | number) => void
compiler/capturedParametersInInitializers1
  capturedParametersInInitializers1.ts: >foo3 : (y?: { x: number; }, z?: number) => void — expected >foo3 : (y?: { x: typeof z; }, z?: number) => void
compiler/caseInsensitiveFileSystemWithCapsImportTypeDeclarations
  Uppercased_Dir/src/index.ts: >method : () => Merge<TypeA, { b: string; }> — expected >method : () => TypeB
compiler/castOfYield
  castOfYield.ts: 8 assertion(s), expected 9
compiler/chainedCallsWithTypeParameterConstrainedToOtherTypeParameter2
  chainedCallsWithTypeParameterConstrainedToOtherTypeParameter2.ts: >(new Chain(t)).then(tt => s).then : <S extends S>(cb: (x: S) => S) => Chain<S> — expected >(new Chain(t)).then(tt => s).then : <S extends S_1>(cb: (x: S_1) => S) => Chain<S>
compiler/chainedImportAlias
  chainedImportAlias_file1.ts: >y : any — expected >y : typeof x
compiler/checkJsdocTypeTagOnExportAssignment1
  b.js: >a : any — expected >a : import("./a").Foo
compiler/checkJsdocTypeTagOnExportAssignment2
  c.js: >b : any — expected >b : import("./a").Foo
compiler/checkJsdocTypeTagOnExportAssignment5
  b.js: >a : any — expected >a : import("./a").Foo
compiler/checkJsdocTypeTagOnExportAssignment6
  b.js: >a : any — expected >a : import("./a").Foo
compiler/checkJsdocTypeTagOnExportAssignment8
  a.js: >{    a: 'a',    b: 'b'} : { a: string; b: string; } — expected >{    a: 'a',    b: 'b'} : { a: string; b: "b"; }
compiler/checkMergedGlobalUMDSymbol
  test.ts: >m : typeof THREE — expected >m : typeof import("./three")
compiler/checkerInitializationCrash
  /node_modules/@fullcalendar/core/index.d.ts: >VNode : any — expected >VNode : VNode
compiler/checkingObjectWithThisInNamePositionNoCrash
  checkingObjectWithThisInNamePositionNoCrash.ts: >this : this — expected >this : { doit(): { [x: number]: string; }; }
compiler/circularAccessorAnnotations
  circularAccessorAnnotations.ts: >c1 : any — expected >c1 : { readonly foo: typeof c1.foo; }
compiler/circularContextualReturnType
  circularContextualReturnType.ts: >Object.freeze : { <T extends Function>(f: T): T; <T extends { [idx: string]: object | U | null | undefined; }, U extends string | bigint | number | boolean | symbol>(o: T): Readonly<T>; <T>(o: T): Readonly<T>; } — expected >Object.freeze : { <T extends Function>(f: T): T; <T extends { [idx: string]: U | null | undefined | object; }, U extends string | bigint | number | boolean | symbol>(o: T): Readonly<T>; <T>(o: T): Readonly<T>; }
compiler/circularInlineMappedGenericTupleTypeNoCrash
  circularInlineMappedGenericTupleTypeNoCrash.ts: >...this.elements : any — expected >...this.elements : { bar: unknown; }
compiler/circularInstantiationExpression
  circularInstantiationExpression.ts: >foo : error — expected >foo : <T>(t: T) => typeof foo<T>
compiler/circularReferenceInReturnType
  circularReferenceInReturnType.ts: >res3 : any — expected >res3 : (a: unknown) => void
compiler/circularReferenceInReturnType2
  circularReferenceInReturnType2.ts: >({    a: field({      type: A,      resolve() {        return {          foo: 100,        };      },    }),  }) : any — expected >({    a: field({      type: A,      resolve() {        return {          foo: 100,        };      },    }),  }) : { a: Field<Something, "a">; }
compiler/circularTypeArgumentsLocalAndOuterNoCrash1
  circularTypeArgumentsLocalAndOuterNoCrash1.ts: >X : NumArray<X extends {} ? number : number> — expected >X : f.NumArray<any>
compiler/circularlyReferentialInterfaceAccessNoCrash
  circularlyReferentialInterfaceAccessNoCrash.ts: >Mxs : any — expected >Mxs : Mxs
compiler/circularlySimplifyingConditionalTypesNoCrash
  circularlySimplifyingConditionalTypesNoCrash.ts: >function(    mapStateToProps?: any,    mapDispatchToProps?: any,    mergeProps?: any,    options: unknown = {},) {    return connect(        mapStateToProps,        mapDispatchToProps,        mergeProps,        options,    );} : (mapStateToProps?: any, mapDispatchToProps?: any, mergeProps?: any, options?: unknown) => InferableComponentEnhancerWithProps<unknown, unknown> — expected >function(    mapStateToProps?: any,    mapDispatchToProps?: any,    mergeProps?: any,    options: unknown = {},) {    return connect(        mapStateToProps,        mapDispatchToProps,        mergeProps,        options,    );} : (mapStateToProps?: any, mapDispatchToProps?: any, mergeProps?: any, options?: unknown) => InferableComponentEnhancerWithProps<TStateProps, Omit<P, Extract<keyof TStateProps, keyof P>> & TOwnProps>
compiler/classAccessorInitializationInferenceWithElementAccess1
  classAccessorInitializationInferenceWithElementAccess1.ts: >x : any — expected >x : number[]
compiler/classFieldSuperAccessible
  classFieldSuperAccessible.ts: >super.name : error — expected >super.name : string
compiler/classFieldSuperAccessibleJs1
  index.js: >super.blah1 : any — expected >super.blah1 : number
compiler/classPropInitializationInferenceWithElementAccess
  classPropInitializationInferenceWithElementAccess.ts: >x : any — expected >x : number[]
compiler/classReferencedInContextualParameterWithinItsOwnBaseExpression
  classReferencedInContextualParameterWithinItsOwnBaseExpression.ts: >Class<A>("A") : <Fields>(fields: Fields, annotations?: Schema<A>) => Class<OutputFrom<Fields>> — expected >Class<A>("A") : <Fields>(fields: Fields, annotations?: Schema<A> | undefined) => Class<OutputFrom<Fields>>
compiler/coAndContraVariantInferences3
  coAndContraVariantInferences3.ts: >args : OverloadParameters<T> — expected >args : Parameters<{ [P in Extract<keyof T, number>]: T[P]; }[Extract<keyof T, number>]>
compiler/coAndContraVariantInferences6
  coAndContraVariantInferences6.ts: >{ value: "C" } : { value: string; } — expected >{ value: "C" } : { value: "C"; }
compiler/collisionRestParameterInType
  collisionRestParameterInType.ts: >v2 : { (_i: number, ...restParameters: any[]): any; new (_i: number, ...restParameters: any[]): any; foo(_i: number, ...restParameters: any[]): any; prop: (_i: number, ...restParameters: any[]) => void; } — expected >v2 : { (_i: number, ...restParameters: any[]): any; new (_i: number, ...restParameters: any[]): any; foo(_i: number, ...restParameters: any[]): any; prop: (_i: number, ...restParameters: any) => void; }
compiler/commentsOnObjectLiteral2
  commentsOnObjectLiteral2.ts: >{        /**         This is just another way to define a constructor.         @constructs         @param {string} name The name of the person.         */        initialize: function(name) {            this.name = name;        } /* trailing comment 1*/,    } : any — expected >{        /**         This is just another way to define a constructor.         @constructs         @param {string} name The name of the person.         */        initialize: function(name) {            this.name = name;        } /* trailing comment 1*/,    } : { initialize: (name: any) => void; }
compiler/commonJsImportClassExpression
  use.ts: >Chunk : typeof (Anonymous class) — expected >Chunk : typeof Chunk
compiler/complexRecursiveCollections
  immutable.ts: >isAssociative : (maybeAssociative: any) => maybeAssociative is Collection.Indexed<any> | Collection.Keyed<any, any> — expected >isAssociative : (maybeAssociative: any) => maybeAssociative is Collection.Keyed<any, any> | Collection.Indexed<any>
compiler/complicatedGenericRecursiveBaseClassReference
  complicatedGenericRecursiveBaseClassReference.ts: >(new S18(123)) : any — expected >(new S18(123)) : S18<unknown, unknown, unknown>
compiler/complicatedIndexedAccessKeyofReliesOnKeyofNeverUpperBound
  complicatedIndexedAccessKeyofReliesOnKeyofNeverUpperBound.ts: >ChannelType : Channel extends { type: infer R; } ? R : never — expected >ChannelType : "email" | "text"
compiler/complicatedIndexesOfIntersectionsAreInferencable
  complicatedIndexesOfIntersectionsAreInferencable.ts: >x : string extends "validate" | "initialValues" | keyof ExtraProps ? Readonly<FormikConfig<Values> & ExtraProps> : Pick<Readonly<FormikConfig<Values> & ExtraProps>, "validate" | "initialValues" | Exclude<keyof ExtraProps, "validateOnChange">> & Partial<Pick<Readonly<FormikConfig<Values> & ExtraProps>, "validateOnChange" | Extract<keyof ExtraProps, "validateOnChange">>> — expected >x : string extends "initialValues" | "validate" | keyof ExtraProps ? Readonly<FormikConfig<Values> & ExtraProps> : Pick<Readonly<FormikConfig<Values> & ExtraProps>, "initialValues" | "validate" | Exclude<keyof ExtraProps, "validateOnChange">> & Partial<Pick<Readonly<FormikConfig<Values> & ExtraProps>, "validateOnChange" | Extract<keyof ExtraProps, "validateOnChange">>>
compiler/computedPropertiesInDestructuring1
  computedPropertiesInDestructuring1.ts: >f1 : any — expected >f1 : ({ ["bar"]: x }: { bar: number; }) => void
compiler/computedPropertiesInDestructuring1_ES6
  computedPropertiesInDestructuring1_ES6.ts: >f1 : any — expected >f1 : ({ ["bar"]: x }: { bar: number; }) => void
compiler/computedPropertiesWithSetterAssignment
  /a.ts: >foo[k] : Set<string> — expected >foo[k] : Iterable<string>
compiler/computedPropertyBindingElementDeclarationNoCrash1
  computedPropertyBindingElementDeclarationNoCrash1.ts: >key : any — expected >key : string
compiler/computedPropertyNameWithImportedKey
  /b.ts: >fn : error — expected >fn : ({ [a]: value }: any) => string
compiler/computedTypesKeyofNoIndexSignatureType
  computedTypesKeyofNoIndexSignatureType.ts: >Compute : Compute<A> — expected >Compute : { [K in keyof A]: A[K] extends infer T ? { [K_1 in keyof T]: T[K_1] extends infer T_1 ? { [K_2 in keyof T_1]: T_1[K_2] extends infer T_2 ? { [K_3 in keyof T_2]: T_2[K_3] extends infer T_3 ? { [K_4 in keyof T_3]: T_3[K_4] extends infer T_4 ? { [K_5 in keyof T_4]: T_4[K_5] extends infer T_5 ? { [K_6 in keyof T_5]: T_5[K_6] extends infer T_6 ? { [K_7 in keyof T_6]: T_6[K_7] extends infer T_7 ? { [K_8 in keyof T_7]: T_7[K_8] extends infer T_8 ? { [K_9 in keyof T_8]: T_8[K_9] extends infer T_9 ? { [K_10 in keyof T_9]: any; } : never; } : never; } : never; } : never; } : never; } : never; } : never; } : never; } : never; } : never; }
compiler/concatTuples
  concatTuples.ts: >[[3, 4], [5, 6]] : number[][] — expected >[[3, 4], [5, 6]] : [number, number][]
compiler/conditionalEqualityTestingNullability
  conditionalEqualityTestingNullability.ts: >ShouldBe0 : error — expected >ShouldBe0 : 0
compiler/conditionalTypeAssignabilityWhenDeferred
  conditionalTypeAssignabilityWhenDeferred.ts: >x1 : any — expected >x1 : [T] extends [number] ? [T] extends [string] ? { y: number; } : { a: number; } : [T] extends [string] ? { y: number; } : { b: number; }
compiler/conditionalTypeBasedContextualTypeReturnTypeWidening
  conditionalTypeBasedContextualTypeReturnTypeWidening.ts: >useState1 : error — expected >useState1 : <S>(initialState: (S extends (() => any) ? never : S) | (() => S)) => S
compiler/conditionalTypeContextualTypeSimplificationsSuceeds
  conditionalTypeContextualTypeSimplificationsSuceeds.ts: >{ when: value => false } : error — expected >{ when: value => false } : { when: (value: string) => false; }
compiler/conditionalTypeGenericInSignatureTypeParameterConstraint
  conditionalTypeGenericInSignatureTypeParameterConstraint.ts: >H_inline1 : H_inline1<x> — expected >H_inline1 : x
compiler/conflictMarkerTrivia3
  conflictMarkerTrivia3.tsx: 16 assertion(s), expected 4
compiler/conflictingDeclarationsImportFromNamespace1
  node_modules/@types/lodash/object.d.ts: >"./index" : _.LoDashStatic — expected >"./index" : LoDashStatic
compiler/conflictingDeclarationsImportFromNamespace2
  node_modules/@types/lodash/object.d.ts: >"./index" : _.LoDashStatic — expected >"./index" : LoDashStatic
