commit: 5b1047d10d32e7d5b446be4de56b126ff42f82bb

diagnostics Summary:
What a pass means: every diagnostic in upstream's .errors.txt reproduced exactly — same file, line, column and code, no more and no fewer — for cases that expect at least one; scanner, parser and binder only, with no checker (bd tsr-4sc)
Passed         : 2141/5488 (39.01%)
Failed         : 3347
Skipped        : 6956 (excluded from the denominator)

  793  skipped: configuration-varied baseline (bd tsr-bb4.1)
  5082  skipped: the case expects no diagnostics (see parser_typescript)
  617  skipped: upstream recorded no output for this case
  464  skipped: upstream records a known divergence from TypeScript

First 100 of 3347 failures:
compiler/ClassDeclaration26
  2 unexpected (first TS1005 at ClassDeclaration26.ts(2,22)), 5 missing
compiler/ClassDeclarationWithInvalidConstOnPropertyDeclaration
  1 missing (first TS1248 at ClassDeclarationWithInvalidConstOnPropertyDeclaration.ts(2,16))
compiler/TransportStream
  2 unexpected (first TS1005 at TransportStream.ts(1,2)), 2 missing
compiler/abstractClassInLocalScopeIsAbstract
  1 missing (first TS2511 at abstractClassInLocalScopeIsAbstract.ts(4,5))
compiler/abstractClassUnionInstantiation
  5 missing (first TS2511 at abstractClassUnionInstantiation.ts(14,1))
compiler/abstractPropertyInConstructor
  11 missing (first TS2715 at abstractPropertyInConstructor.ts(4,24))
compiler/accessInstanceMemberFromStaticMethod01
  1 unexpected (first TS2304 at accessInstanceMemberFromStaticMethod01.ts(5,17)), 1 missing
compiler/accessorBodyInTypeContext
  8 unexpected (first TS1131 at accessorBodyInTypeContext.ts(2,15)), 4 missing
compiler/accessorInferredReturnTypeErrorInReturnStatement
  1 missing (first TS2339 at accessorInferredReturnTypeErrorInReturnStatement.ts(4,18))
compiler/accessors_spec_section-4.5_error-cases
  4 missing (first TS2322 at accessors_spec_section-4.5_error-cases.ts(3,48))
compiler/addMoreOverloadsToBaseSignature
  1 missing (first TS2430 at addMoreOverloadsToBaseSignature.ts(5,11))
compiler/aliasAssignments
  1 missing (first TS2322 at aliasAssignments_1.ts(3,1))
compiler/aliasBug
  1 missing (first TS2694 at aliasBug.ts(16,15))
compiler/aliasDoesNotDuplicateSignatures
  1 missing (first TS2322 at user.ts(4,5))
compiler/aliasErrors
  4 missing (first TS2503 at aliasErrors.ts(11,12))
compiler/aliasInstantiationExpressionGenericIntersectionNoCrash1
  1 missing (first TS2352 at aliasInstantiationExpressionGenericIntersectionNoCrash1.ts(10,1))
compiler/aliasInstantiationExpressionGenericIntersectionNoCrash2
  1 missing (first TS2352 at aliasInstantiationExpressionGenericIntersectionNoCrash2.ts(15,1))
compiler/aliasOnMergedModuleInterface
  1 missing (first TS2708 at aliasOnMergedModuleInterface_1.ts(5,16))
compiler/aliasUsageInGenericFunction
  1 missing (first TS2352 at aliasUsageInGenericFunction_main.ts(10,19))
compiler/aliasUsageInOrExpression
  3 missing (first TS2352 at aliasUsageInOrExpression_main.ts(10,40))
compiler/allowImportClausesToMergeWithTypes
  1 missing (first TS2749 at index.ts(9,10))
compiler/allowJscheckJsTypeParameterNoCrash
  2 unexpected (first TS2300 at app.js(6,7)), 1 missing
compiler/ambientEnum1
  1 missing (first TS1066 at ambientEnum1.ts(7,13))
compiler/ambientExportDefaultErrors
  4 missing (first TS2714 at foo.d.ts(1,16))
compiler/ambientExternalModuleInAnotherExternalModule
  1 missing (first TS2664 at ambientExternalModuleInAnotherExternalModule.ts(4,16))
compiler/ambientExternalModuleWithRelativeExternalImportDeclaration
  1 missing (first TS2439 at ambientExternalModuleWithRelativeExternalImportDeclaration.ts(2,5))
compiler/ambientExternalModuleWithRelativeModuleName
  2 missing (first TS2436 at ambientExternalModuleWithRelativeModuleName.ts(1,16))
compiler/ambientPropertyDeclarationInJs
  2 missing (first TS2322 at /test.js(3,9))
compiler/ambiguousGenericAssertion1
  4 unexpected (first TS2304 at ambiguousGenericAssertion1.ts(4,12)), 1 missing
compiler/ambiguousOverload
  2 missing (first TS2322 at ambiguousOverload.ts(5,5))
compiler/anonymousModules
  3 unexpected (first TS1005 at anonymousModules.ts(1,8)), 3 missing
compiler/anyIdenticalToItself
  1 missing (first TS2394 at anyIdenticalToItself.ts(1,10))
compiler/anyIndexedAccessArrayNoException
  1 missing (first TS2538 at anyIndexedAccessArrayNoException.ts(1,12))
compiler/anyMappedTypesError
  1 missing (first TS7039 at anyMappedTypesError.ts(1,12))
compiler/arguments
  6 missing (first TS2304 at arguments.ts(6,8))
compiler/argumentsObjectCreatesRestForJs
  2 missing (first TS2554 at main.js(3,9))
compiler/argumentsPropertyNameInJsMode1
  1 missing (first TS2554 at a.js(9,7))
compiler/argumentsPropertyNameInJsMode2
  1 missing (first TS2554 at a.js(5,6))
compiler/argumentsReferenceInFunction1_Js
  2 missing (first TS7006 at index.js(1,25))
compiler/argumentsUsedInClassFieldInitializerOrStaticInitializationBlock
  11 missing (first TS2815 at argumentsUsedInClassFieldInitializerOrStaticInitializationBlock.ts(3,10))
compiler/arithmeticOnInvalidTypes2
  7 missing (first TS2365 at arithmeticOnInvalidTypes2.ts(2,14))
compiler/arrayAssignmentTest1
  22 missing (first TS2322 at arrayAssignmentTest1.ts(6,16))
compiler/arrayAssignmentTest2
  10 missing (first TS2322 at arrayAssignmentTest2.ts(47,1))
compiler/arrayAssignmentTest4
  2 missing (first TS2322 at arrayAssignmentTest4.ts(22,1))
compiler/arrayAssignmentTest5
  3 missing (first TS2366 at arrayAssignmentTest5.ts(21,66))
compiler/arrayAssignmentTest6
  1 missing (first TS2322 at arrayAssignmentTest6.ts(16,13))
compiler/arrayBestCommonTypes
  26 missing (first TS2769 at arrayBestCommonTypes.ts(16,37))
compiler/arrayCast
  1 missing (first TS2353 at arrayCast.ts(3,23))
compiler/arrayConcatMap
  2 missing (first TS2769 at arrayConcatMap.ts(1,20))
compiler/arrayDestructuringInSwitch2
  1 missing (first TS2488 at arrayDestructuringInSwitch2.ts(11,13))
compiler/arrayFakeFlatNoCrashInferenceDeclarations
  1 missing (first TS5088 at arrayFakeFlatNoCrashInferenceDeclarations.ts(13,10))
compiler/arrayFrom
  2 missing (first TS2322 at arrayFrom.ts(20,7))
compiler/arrayIndexWithArrayFails
  1 missing (first TS2538 at arrayIndexWithArrayFails.ts(3,16))
compiler/arrayLiteralTypeInference
  4 missing (first TS2353 at arrayLiteralTypeInference.ts(14,14))
compiler/arrayOfSubtypeIsAssignableToReadonlyArray
  2 missing (first TS2322 at arrayOfSubtypeIsAssignableToReadonlyArray.ts(13,1))
compiler/arraySigChecking
  3 missing (first TS2322 at arraySigChecking.ts(18,27))
compiler/arrayconcat
  2 missing (first TS18048 at arrayconcat.ts(16,25))
compiler/arrowExpressionBodyJSDoc
  2 missing (first TS2322 at mytest.js(6,44))
compiler/arrowFunctionErrorSpan
  11 missing (first TS2345 at arrowFunctionErrorSpan.ts(4,3))
compiler/arrowFunctionsMissingTokens
  49 unexpected (first TS1109 at arrowFunctionsMissingTokens.ts(2,14)), 14 missing
compiler/assignLambdaToNominalSubtypeOfFunction
  2 missing (first TS2345 at assignLambdaToNominalSubtypeOfFunction.ts(7,4))
compiler/assignToFn
  1 missing (first TS2322 at assignToFn.ts(8,5))
compiler/assigningFromObjectToAnythingElse
  4 missing (first TS2322 at assigningFromObjectToAnythingElse.ts(3,1))
compiler/assigningFunctionToTupleIssuesError
  1 missing (first TS2322 at assigningFunctionToTupleIssuesError.ts(2,5))
compiler/assignmentCompat1
  4 missing (first TS2741 at assignmentCompat1.ts(4,1))
compiler/assignmentCompatBug2
  3 missing (first TS2741 at assignmentCompatBug2.ts(15,1))
compiler/assignmentCompatBug5
  4 missing (first TS2322 at assignmentCompatBug5.ts(5,7))
compiler/assignmentCompatFunctionsWithOptionalArgs
  2 missing (first TS2322 at assignmentCompatFunctionsWithOptionalArgs.ts(4,17))
compiler/assignmentCompatInterfaceWithStringIndexSignature
  1 missing (first TS2345 at assignmentCompatInterfaceWithStringIndexSignature.ts(15,5))
compiler/assignmentCompatWithOverloads
  4 missing (first TS2322 at assignmentCompatWithOverloads.ts(17,1))
compiler/assignmentCompatability16
  1 missing (first TS2322 at assignmentCompatability16.ts(9,1))
compiler/assignmentCompatability18
  1 missing (first TS2322 at assignmentCompatability18.ts(9,1))
compiler/assignmentCompatability20
  1 missing (first TS2322 at assignmentCompatability20.ts(9,1))
compiler/assignmentCompatability22
  1 missing (first TS2322 at assignmentCompatability22.ts(9,1))
compiler/assignmentCompatability24
  1 missing (first TS2322 at assignmentCompatability24.ts(9,1))
compiler/assignmentCompatability29
  1 missing (first TS2322 at assignmentCompatability29.ts(9,1))
compiler/assignmentCompatability30
  1 missing (first TS2322 at assignmentCompatability30.ts(9,1))
compiler/assignmentCompatability31
  1 missing (first TS2322 at assignmentCompatability31.ts(9,1))
compiler/assignmentCompatability32
  1 missing (first TS2322 at assignmentCompatability32.ts(9,1))
compiler/assignmentCompatability33
  1 missing (first TS2322 at assignmentCompatability33.ts(9,1))
compiler/assignmentCompatability34
  1 missing (first TS2322 at assignmentCompatability34.ts(9,1))
compiler/assignmentCompatability35
  1 missing (first TS2322 at assignmentCompatability35.ts(9,1))
compiler/assignmentCompatability37
  1 missing (first TS2322 at assignmentCompatability37.ts(9,1))
compiler/assignmentCompatability38
  1 missing (first TS2322 at assignmentCompatability38.ts(9,1))
compiler/assignmentCompatability39
  1 missing (first TS2322 at assignmentCompatability39.ts(9,1))
compiler/assignmentCompatability40
  1 missing (first TS2322 at assignmentCompatability40.ts(9,1))
compiler/assignmentCompatability41
  1 missing (first TS2322 at assignmentCompatability41.ts(9,1))
compiler/assignmentCompatability42
  1 missing (first TS2322 at assignmentCompatability42.ts(9,1))
compiler/assignmentCompatability44
  1 missing (first TS2322 at assignmentCompatability44.ts(5,7))
compiler/assignmentCompatability45
  1 missing (first TS2322 at assignmentCompatability45.ts(7,7))
compiler/assignmentCompatability46
  2 missing (first TS2345 at assignmentCompatability46.ts(3,4))
compiler/assignmentCompatability_checking-apply-member-off-of-function-interface
  4 missing (first TS2741 at assignmentCompatability_checking-apply-member-off-of-function-interface.ts(11,1))
compiler/assignmentCompatability_checking-call-member-off-of-function-interface
  4 missing (first TS2741 at assignmentCompatability_checking-call-member-off-of-function-interface.ts(11,1))
compiler/assignmentStricterConstraints
  1 missing (first TS2322 at assignmentStricterConstraints.ts(7,1))
compiler/assignmentToAnyArrayRestParameters
  2 missing (first TS2339 at assignmentToAnyArrayRestParameters.ts(15,25))
compiler/assignmentToInstantiationExpression
  3 unexpected (first TS1109 at assignmentToInstantiationExpression.ts(2,16)), 4 missing
compiler/assignmentToObject
  1 missing (first TS2322 at assignmentToObject.ts(3,5))
compiler/assignmentToObjectAndFunction
  3 missing (first TS2322 at assignmentToObjectAndFunction.ts(1,24))
compiler/assignmentToReferenceTypes
  1 unexpected (first TS2322 at assignmentToReferenceTypes.ts(19,1)), 0 missing
compiler/asyncFunctionReturnExpressionErrorSpans
  1 missing (first TS2322 at asyncFunctionReturnExpressionErrorSpans.ts(16,21))
