commit: 5b1047d10d32e7d5b446be4de56b126ff42f82bb

diagnostics Summary:
What a pass means: every diagnostic in upstream's .errors.txt reproduced exactly — same file, line, column and code, no more and no fewer — for cases that expect at least one; syntactic, bind-and-check and isolatedDeclarations diagnostics collected as upstream's test runner collects them
Passed         : 4734/5502 (86.04%)
Failed         : 768
Skipped        : 6942 (excluded from the denominator)

  793  skipped: configuration-varied baseline, judged per configuration by diagnostics_configured
  5068  skipped: the case expects no diagnostics (see parser_typescript)
  617  skipped: upstream recorded no output for this case
  464  skipped: upstream records a known divergence from TypeScript

First 100 of 768 failures:
compiler/TransportStream
  1 missing (first TS1434 at TransportStream.ts(1,1))
compiler/abstractClassUnionInstantiation
  5 missing (first TS2511 at abstractClassUnionInstantiation.ts(14,1))
compiler/abstractPropertyInConstructor
  10 missing (first TS2715 at abstractPropertyInConstructor.ts(4,24))
compiler/accessorBodyInTypeContext
  4 missing (first TS1183 at accessorBodyInTypeContext.ts(2,15))
compiler/accessorInferredReturnTypeErrorInReturnStatement
  1 missing (first TS2339 at accessorInferredReturnTypeErrorInReturnStatement.ts(4,18))
compiler/aliasDoesNotDuplicateSignatures
  1 missing (first TS2322 at user.ts(4,5))
compiler/aliasErrors
  1 missing (first TS2694 at aliasErrors.ts(26,15))
compiler/allowImportClausesToMergeWithTypes
  1 unexpected (first TS2749 at index.ts(3,10)), 0 missing
compiler/ambientExternalModuleWithRelativeExternalImportDeclaration
  1 missing (first TS2439 at ambientExternalModuleWithRelativeExternalImportDeclaration.ts(2,5))
compiler/anyMappedTypesError
  1 missing (first TS7039 at anyMappedTypesError.ts(1,12))
compiler/argumentsObjectCreatesRestForJs
  2 missing (first TS2554 at main.js(3,9))
compiler/argumentsPropertyNameInJsMode1
  1 missing (first TS2554 at a.js(9,7))
compiler/argumentsPropertyNameInJsMode2
  1 missing (first TS2554 at a.js(5,6))
compiler/argumentsReferenceInFunction1_Js
  2 missing (first TS7006 at index.js(1,25))
compiler/argumentsUsedInClassFieldInitializerOrStaticInitializationBlock
  11 missing (first TS2815 at argumentsUsedInClassFieldInitializerOrStaticInitializationBlock.ts(3,10))
compiler/arrayCast
  1 unexpected (first TS2352 at arrayCast.ts(3,1)), 1 missing
compiler/arrayConcatMap
  1 missing (first TS2769 at arrayConcatMap.ts(1,20))
compiler/arrayFakeFlatNoCrashInferenceDeclarations
  1 missing (first TS5088 at arrayFakeFlatNoCrashInferenceDeclarations.ts(13,10))
compiler/arrowExpressionBodyJSDoc
  2 missing (first TS2322 at mytest.js(6,44))
compiler/arrowFunctionErrorSpan
  1 missing (first TS1200 at arrowFunctionErrorSpan.ts(18,5))
compiler/arrowFunctionsMissingTokens
  1 unexpected (first TS2304 at arrowFunctionsMissingTokens.ts(6,14)), 0 missing
compiler/assignmentCompat1
  2 missing (first TS2322 at assignmentCompat1.ts(8,1))
compiler/assignmentToAnyArrayRestParameters
  1 missing (first TS2536 at assignmentToAnyArrayRestParameters.ts(18,16))
compiler/assignmentToObjectAndFunction
  1 unexpected (first TS2322 at assignmentToObjectAndFunction.ts(8,5)), 1 missing
compiler/augmentExportEquals1
  2 missing (first TS2671 at file2.ts(5,16))
compiler/augmentExportEquals5
  1 missing (first TS2454 at consumer.ts(4,11))
compiler/awaitCallExpressionInSyncFunction
  1 unexpected (first TS2304 at awaitCallExpressionInSyncFunction.ts(2,16)), 1 missing
compiler/awaitedType
  2 unexpected (first TS2322 at awaitedType.ts(39,9)), 2 missing
compiler/awaitedTypeNoLib
  1 missing (first TS2345 at awaitedTypeNoLib.ts(18,27))
compiler/awaitedTypeStrictNull
  2 unexpected (first TS2322 at awaitedTypeStrictNull.ts(39,9)), 2 missing
compiler/badArrayIndex
  1 unexpected (first TS1109 at badArrayIndex.ts(1,22)), 1 missing
compiler/baseConstraintOfDecorator
  1 unexpected (first TS2322 at baseConstraintOfDecorator.ts(12,5)), 2 missing
compiler/baseExpressionTypeParameters
  1 missing (first TS2562 at baseExpressionTypeParameters.ts(10,27))
compiler/betterErrorForUnionCall
  1 missing (first TS2349 at betterErrorForUnionCall.ts(8,1))
compiler/bigintArbirtraryIdentifier
  1 unexpected (first TS2304 at badImport.ts(1,16)), 0 missing
compiler/bigintPropertyName
  3 unexpected (first TS2322 at g.ts(26,18)), 22 missing
compiler/bigintWithLib
  6 missing (first TS2769 at bigintWithLib.ts(19,34))
compiler/bindingPatternCannotBeOnlyInferenceSource
  5 missing (first TS2571 at bindingPatternCannotBeOnlyInferenceSource.ts(2,7))
compiler/bluebirdStaticThis
  1 unexpected (first TS2724 at bluebirdStaticThis.ts(22,51)), 1 missing
compiler/builtinIterator
  7 missing (first TS2511 at builtinIterator.ts(38,1))
compiler/cannotIndexGenericWritingError
  2 missing (first TS2862 at cannotIndexGenericWritingError.ts(4,5))
compiler/castOfYield
  2 unexpected (first TS2304 at castOfYield.ts(4,14)), 1 missing
compiler/chainedCallsWithTypeParameterConstrainedToOtherTypeParameter
  2 missing (first TS2741 at chainedCallsWithTypeParameterConstrainedToOtherTypeParameter.ts(19,64))
compiler/chainedCallsWithTypeParameterConstrainedToOtherTypeParameter2
  2 missing (first TS2322 at chainedCallsWithTypeParameterConstrainedToOtherTypeParameter2.ts(7,49))
compiler/checkJsxNotSetError
  2 missing (first TS17004 at /bar.jsx(2,11))
compiler/checkerInitializationCrash
  2 missing (first TS2300 at /node_modules/@fullcalendar/core/index.d.ts(4,10))
compiler/circularBaseTypes
  4 missing (first TS2310 at circularBaseTypes.ts(4,11))
compiler/circularConstraintYieldsAppropriateError
  1 missing (first TS2310 at circularConstraintYieldsAppropriateError.ts(10,7))
compiler/circularInlineMappedGenericTupleTypeNoCrash
  1 missing (first TS2589 at circularInlineMappedGenericTupleTypeNoCrash.ts(11,12))
compiler/circularOptionalityRemoval
  2 missing (first TS2502 at circularOptionalityRemoval.ts(2,14))
compiler/circularReferenceInReturnType
  2 missing (first TS7022 at circularReferenceInReturnType.ts(3,7))
compiler/circularReferenceInReturnType2
  2 unexpected (first TS7024 at circularReferenceInReturnType2.ts(41,11)), 2 missing
compiler/circularResolvedSignature
  1 missing (first TS2322 at circularResolvedSignature.ts(11,9))
compiler/circularTypeArgumentsLocalAndOuterNoCrash1
  1 missing (first TS4109 at circularTypeArgumentsLocalAndOuterNoCrash1.ts(5,12))
compiler/circularlyConstrainedMappedTypeContainingConditionalNoInfiniteInstantiationDepth
  1 missing (first TS2344 at circularlyConstrainedMappedTypeContainingConditionalNoInfiniteInstantiationDepth.ts(63,84))
compiler/circularlyReferentialInterfaceAccessNoCrash
  3 missing (first TS4109 at circularlyReferentialInterfaceAccessNoCrash.ts(1,12))
compiler/classExpressionExtendingAbstractClass
  1 missing (first TS2653 at classExpressionExtendingAbstractClass.ts(5,9))
compiler/classExtendsNull2
  1 missing (first TS2417 at classExtendsNull2.ts(5,7))
compiler/classFieldSuperAccessibleJs1
  1 missing (first TS2565 at index.js(9,23))
compiler/classTypeParametersInStatics
  2 missing (first TS2345 at classTypeParametersInStatics.ts(20,52))
compiler/classWithEmptyTypeParameter
  1 missing (first TS1098 at classWithEmptyTypeParameter.ts(1,8))
compiler/coAndContraVariantInferences5
  1 missing (first TS2322 at coAndContraVariantInferences5.ts(9,9))
compiler/coAndContraVariantInferences6
  1 missing (first TS2322 at coAndContraVariantInferences6.ts(34,42))
compiler/commonSourceDirectory_dts
  1 missing (first TS5011 at /app/tsconfig.json(3,9))
compiler/commonjsAccessExports
  1 missing (first TS7009 at /a.js(12,18))
compiler/complexRecursiveCollections
  8 missing (first TS2344 at immutable.ts(261,76))
compiler/complicatedGenericRecursiveBaseClassReference
  2 missing (first TS2554 at complicatedGenericRecursiveBaseClassReference.ts(4,10))
compiler/complicatedIndexedAccessKeyofReliesOnKeyofNeverUpperBound
  2 unexpected (first TS2322 at complicatedIndexedAccessKeyofReliesOnKeyofNeverUpperBound.ts(40,7)), 1 missing
compiler/computedPropertyBindingElementDeclarationNoCrash1
  1 missing (first TS2739 at computedPropertyBindingElementDeclarationNoCrash1.ts(12,21))
compiler/conditionalTypeDoesntSpinForever
  1 missing (first TS2769 at conditionalTypeDoesntSpinForever.ts(96,41))
compiler/conflictMarkerTrivia3
  9 unexpected (first TS17008 at conflictMarkerTrivia3.tsx(1,12)), 3 missing
compiler/conflictingDeclarationsImportFromNamespace1
  2 missing (first TS2440 at index.ts(1,13))
compiler/conflictingDeclarationsImportFromNamespace2
  2 missing (first TS2440 at index.ts(1,13))
compiler/consistentAliasVsNonAliasRecordBehavior
  4 unexpected (first TS2322 at consistentAliasVsNonAliasRecordBehavior.ts(18,5)), 4 missing
compiler/constEnumErrors
  2 missing (first TS2475 at constEnumErrors.ts(27,9))
compiler/constraintWithIndexedAccess
  9 missing (first TS2344 at constraintWithIndexedAccess.ts(23,90))
compiler/constructorOverloads1
  1 missing (first TS2769 at constructorOverloads1.ts(17,18))
compiler/contextualPropertyOfGenericFilteringMappedType
  3 missing (first TS2353 at contextualPropertyOfGenericFilteringMappedType.ts(38,5))
compiler/contextualTypeFunctionObjectPropertyIntersection
  2 missing (first TS2353 at contextualTypeFunctionObjectPropertyIntersection.ts(84,5))
compiler/contextualTypingOfGenericFunctionTypedArguments1
  1 missing (first TS2345 at contextualTypingOfGenericFunctionTypedArguments1.ts(17,32))
compiler/contextualTypingWithGenericAndNonGenericSignature
  4 missing (first TS7006 at contextualTypingWithGenericAndNonGenericSignature.ts(8,7))
compiler/contextuallyTypedParametersOptionalInJSDoc
  2 missing (first TS2345 at index.js(17,15))
compiler/contextuallyTypedParametersWithInitializers1
  1 missing (first TS7006 at contextuallyTypedParametersWithInitializers1.ts(40,5))
compiler/controlFlowArrayErrors
  8 missing (first TS7034 at controlFlowArrayErrors.ts(4,9))
compiler/controlFlowFunctionLikeCircular1
  2 unexpected (first TS2456 at controlFlowFunctionLikeCircular_8.ts(5,10)), 11 missing
compiler/controlFlowInstanceof
  1 missing (first TS2339 at uglify.js(9,7))
compiler/controlFlowNoImplicitAny
  4 missing (first TS7034 at controlFlowNoImplicitAny.ts(101,9))
compiler/correctOrderOfPromiseMethod
  1 unexpected (first TS2322 at correctOrderOfPromiseMethod.ts(20,11)), 0 missing
compiler/crashInEmitTokenWithComment
  2 missing (first TS2345 at crashInEmitTokenWithComment.ts(5,4))
compiler/dataViewConstructor
  1 missing (first TS2345 at dataViewConstructor.ts(1,14))
compiler/declarationEmitExpandoPropertyPrivateName
  1 missing (first TS4032 at b.ts(4,1))
compiler/declarationEmitExpressionInExtends4
  1 missing (first TS2315 at declarationEmitExpressionInExtends4.ts(5,17))
compiler/declarationEmitInvalidReferenceAllowJs
  1 unexpected (first TS6053 at declarationEmitInvalidReferenceAllowJs.ts(1,22)), 1 missing
compiler/declarationEmitMappedTypeTemplateTypeofSymbol
  2 missing (first TS4118 at b.ts(2,14))
compiler/declarationEmitObjectAssignedDefaultExport
  1 missing (first TS2883 at index.ts(7,1))
compiler/declarationEmitPrivatePromiseLikeInterface
  3 missing (first TS7056 at Api.ts(6,5))
compiler/declarationEmitReexportedSymlinkReference3
  1 missing (first TS2883 at monorepo/pkg3/src/keys.ts(3,14))
compiler/declarationEmitRelativeModuleError
  1 missing (first TS2436 at declarationEmitRelativeModuleError.ts(5,16))
compiler/declarationEmitToDeclarationDirWithoutCompositeAndDeclarationOptions
  1 missing (first TS5069 at /foo/tsconfig.json(2,26))
compiler/declarationEmitUsingTypeAlias1
  2 missing (first TS2883 at src/index.ts(3,14))
