commit: 5b1047d10d32e7d5b446be4de56b126ff42f82bb

diagnostics_configured Summary:
What a pass means: the diagnostics suite's judgement for each configuration upstream's runner compiles a configuration-varied case under (`// @target: es2015, esnext`), against that configuration's suffixed .errors.txt
Passed         : 955/1091 (87.53%)
Failed         : 136
Skipped        : 3077 (excluded from the denominator)

  1331  skipped: the case expects no diagnostics (see parser_typescript)
  36  skipped: upstream recorded no output for this case
  68  skipped: upstream records a known divergence from TypeScript
  52  skipped: upstream skips this case: alwaysStrict=false is unsupported
  20  skipped: upstream skips this case: esModuleInterop=false is unsupported
  2  skipped: upstream skips this case: unsupported baseUrl /.src
  109  skipped: upstream skips this case: unsupported module kind AMD
  151  skipped: upstream skips this case: unsupported module kind System
  30  skipped: upstream skips this case: unsupported module kind UMD
  13  skipped: upstream skips this case: unsupported module resolution kind Classic
  1  skipped: upstream skips this case: unsupported module resolution kind Node10
  4  skipped: upstream skips this case: unsupported outFile /.src/all.js
  2  skipped: upstream skips this case: unsupported outFile /.src/c.js
  2  skipped: upstream skips this case: unsupported outFile /.src/computedPropertyNames52-emit.js
  2  skipped: upstream skips this case: unsupported outFile /.src/d.js
  8  skipped: upstream skips this case: unsupported outFile /.src/out.js
  2  skipped: upstream skips this case: unsupported outFile /.src/outfile.js
  1244  skipped: upstream skips this case: unsupported target ES5

First 100 of 136 failures:
compiler/abstractPropertyNegative(target=es2015)
  5 missing (first TS2654 at abstractPropertyNegative.ts(13,7))
compiler/accessorWithInitializer(target=es2015)
  2 missing (first TS1052 at accessorWithInitializer.ts(2,9))
compiler/ambientWithStatements(alwaysstrict=true)
  2 missing (first TS1104 at ambientWithStatements.ts(3,5))
compiler/argumentsBindsToFunctionScopeArgumentList(alwaysstrict=true)
  1 missing (first TS2322 at argumentsBindsToFunctionScopeArgumentList.ts(3,5))
compiler/bigintAmbientMinimal(target=es2015)
  1 missing (first TS2737 at /main.ts(5,17))
compiler/bigintWithoutLib(target=es2015)
  18 missing (first TS2737 at bigintWithoutLib.ts(7,30))
compiler/blockScopedVariablesUseBeforeDef(target=es2015)
  3 unexpected (first TS2448 at blockScopedVariablesUseBeforeDef.ts(127,9)), 0 missing
compiler/classStaticPropertyAccess(target=es2015)
  2 missing (first TS2576 at classStaticPropertyAccess.ts(10,1))
compiler/commonJsExportTypeDeclarationError(target=es2015)
  1 unexpected (first TS1110 at types2.ts(3,1)), 2 missing
compiler/complicatedPrivacy(target=es2015)
  1 missing (first TS2694 at complicatedPrivacy.ts(73,55))
compiler/declarationEmitUnknownImport(target=es2015)
  3 missing (first TS2303 at declarationEmitUnknownImport.ts(1,1))
compiler/declarationEmitUnknownImport2(target=es2015)
  3 missing (first TS2303 at declarationEmitUnknownImport2.ts(1,1))
compiler/decoratorMetadataWithImportDeclarationNameCollision4(target=es2015)
  1 missing (first TS2613 at service.ts(1,8))
compiler/decoratorMetadataWithImportDeclarationNameCollision7(target=es2015)
  2 missing (first TS2702 at service.ts(7,9))
compiler/deleteExpressionMustBeOptional_exactOptionalPropertyTypes(exactoptionalpropertytypes=false)
  2 unexpected (first TS2790 at deleteExpressionMustBeOptional_exactOptionalPropertyTypes.ts(37,8)), 0 missing
compiler/deleteExpressionMustBeOptional_exactOptionalPropertyTypes(exactoptionalpropertytypes=true)
  2 unexpected (first TS2790 at deleteExpressionMustBeOptional_exactOptionalPropertyTypes.ts(37,8)), 2 missing
compiler/destructureCatchClause(strict=false,useunknownincatchvariables=false)
  7 missing (first TS2339 at destructureCatchClause.ts(26,17))
compiler/destructureCatchClause(strict=false,useunknownincatchvariables=true)
  14 missing (first TS2339 at destructureCatchClause.ts(2,17))
compiler/destructureCatchClause(strict=true,useunknownincatchvariables=false)
  7 missing (first TS2339 at destructureCatchClause.ts(26,17))
compiler/destructureCatchClause(strict=true,useunknownincatchvariables=true)
  14 missing (first TS2339 at destructureCatchClause.ts(2,17))
compiler/discriminateWithOptionalProperty4(exactoptionalpropertytypes=false)
  1 missing (first TS18048 at discriminateWithOptionalProperty4.ts(16,14))
compiler/divergentAccessorsTypes3(target=es2015)
  5 unexpected (first TS2322 at divergentAccessorsTypes3.ts(30,1)), 0 missing
compiler/downlevelLetConst16(target=es2015)
  2 missing (first TS2339 at downlevelLetConst16.ts(202,15))
compiler/duplicateIdentifierBindingElementInParameterDeclaration1(target=es2015)
  1 missing (first TS7006 at duplicateIdentifierBindingElementInParameterDeclaration1.ts(8,24))
compiler/duplicateIdentifierBindingElementInParameterDeclaration2(target=es2015)
  1 missing (first TS7006 at duplicateIdentifierBindingElementInParameterDeclaration2.ts(9,24))
compiler/es5-asyncFunctionWithStatements(alwaysstrict=true,target=es2015)
  1 unexpected (first TS2410 at es5-asyncFunctionWithStatements.ts(25,9)), 4 missing
compiler/es5ExportDefaultClassDeclaration3(target=es2015)
  1 missing (first TS2449 at es5ExportDefaultClassDeclaration3.ts(1,21))
compiler/es6ImportNamedImportNoNamedExports(target=es2015)
  2 missing (first TS2616 at es6ImportNamedImportNoNamedExports_1.ts(1,10))
compiler/functionsMissingReturnStatementsAndExpressions(target=es2015)
  4 missing (first TS2355 at functionsMissingReturnStatementsAndExpressions.ts(1,16))
compiler/functionsWithImplicitReturnTypeAssignableToUndefined(strictnullchecks=true)
  1 missing (first TS2366 at functionsWithImplicitReturnTypeAssignableToUndefined.ts(28,16))
compiler/implicitAnyFromCircularInference(target=es2015)
  2 unexpected (first TS7024 at implicitAnyFromCircularInference.ts(17,10)), 3 missing
compiler/inKeywordTypeguard(strict=false)
  6 missing (first TS2339 at inKeywordTypeguard.ts(27,11))
compiler/inKeywordTypeguard(strict=true)
  7 missing (first TS2339 at inKeywordTypeguard.ts(27,11))
compiler/intersectionsAndOptionalProperties2(exactoptionalpropertytypes=true)
  2 unexpected (first TS2322 at intersectionsAndOptionalProperties2.ts(21,1)), 2 missing
compiler/intersectionsAndOptionalProperties3(exactoptionalpropertytypes=true)
  2 unexpected (first TS2322 at intersectionsAndOptionalProperties3.ts(19,1)), 2 missing
compiler/jsxChildrenArrayWrongType(target=es2015)
  2 missing (first TS2769 at index.tsx(12,9))
compiler/moduleAugmentationGlobal8_1(target=es2015)
  1 missing (first TS2670 at moduleAugmentationGlobal8_1.ts(2,5))
compiler/multipleBaseInterfaesWithIncompatibleProperties2(exactoptionalpropertytypes=true)
  1 missing (first TS2320 at multipleBaseInterfaesWithIncompatibleProperties2.ts(19,11))
compiler/noImplicitAnyMissingGetAccessor(target=es2015)
  4 missing (first TS7032 at noImplicitAnyMissingGetAccessor.ts(3,25))
compiler/noImplicitAnyMissingSetAccessor(target=es2015)
  1 missing (first TS7033 at noImplicitAnyMissingSetAccessor.ts(3,25))
compiler/shorthandPropertyAssignmentsInDestructuring(target=es2015)
  1 unexpected (first TS18004 at shorthandPropertyAssignmentsInDestructuring.ts(111,12)), 1 missing
compiler/sourceMapValidationDecorators(target=es2015)
  4 missing (first TS1239 at sourceMapValidationDecorators.ts(12,8))
compiler/strictNullEmptyDestructuring(target=es2015)
  11 missing (first TS2531 at strictNullEmptyDestructuring.ts(3,5))
compiler/templateStringsArrayTypeDefinedInES5Mode(target=es2015)
  1 unexpected (first TS2345 at templateStringsArrayTypeDefinedInES5Mode.ts(7,3)), 1 missing
compiler/templateStringsArrayTypeNotDefinedES5Mode(target=es2015)
  1 unexpected (first TS2345 at templateStringsArrayTypeNotDefinedES5Mode.ts(4,3)), 1 missing
compiler/trivialSubtypeReductionNoStructuralCheck(target=es2015)
  1 missing (first TS7023 at trivialSubtypeReductionNoStructuralCheck.ts(3,7))
compiler/unusedSetterInClass(target=es2015)
  1 missing (first TS6133 at unusedSetterInClass.ts(4,17))
compiler/useBeforeDeclaration_classDecorators.2(experimentaldecorators=false)
  6 unexpected (first TS2449 at useBeforeDeclaration_classDecorators.2.ts(46,22)), 0 missing
conformance/ES5For-of30(target=es2015)
  1 missing (first TS2488 at ES5For-of30.ts(3,6))
conformance/arrowFunctionContexts(alwaysstrict=true)
  1 unexpected (first TS2331 at arrowFunctionContexts.ts(44,23)), 0 missing
conformance/asyncFunctionDeclaration15_es5(target=es2015)
  1 missing (first TS1058 at asyncFunctionDeclaration15_es5.ts(17,16))
conformance/autoAccessorDisallowedModifiers(target=es2017)
  3 unexpected (first TS1191 at autoAccessorDisallowedModifiers.ts(34,1)), 20 missing
conformance/autoAccessorDisallowedModifiers(target=esnext)
  3 unexpected (first TS1191 at autoAccessorDisallowedModifiers.ts(34,1)), 20 missing
conformance/callWithMissingVoidUndefinedUnknownAnyInJs(strict=false)
  6 missing (first TS2554 at jsfile.js(6,1))
conformance/callWithMissingVoidUndefinedUnknownAnyInJs(strict=true)
  6 missing (first TS2554 at jsfile.js(6,1))
conformance/classStaticBlock22(target=es2022)
  1 unexpected (first TS1109 at classStaticBlock22.ts(25,16)), 7 missing
conformance/classStaticBlock22(target=esnext)
  1 unexpected (first TS1109 at classStaticBlock22.ts(25,16)), 7 missing
conformance/classStaticBlock23(target=es2022)
  2 missing (first TS18038 at classStaticBlock23.ts(5,9))
conformance/classStaticBlock23(target=esnext)
  2 missing (first TS18038 at classStaticBlock23.ts(5,9))
conformance/classStaticBlock26(target=es2022)
  1 unexpected (first TS18004 at classStaticBlock26.ts(17,12)), 11 missing
conformance/classStaticBlock26(target=esnext)
  1 unexpected (first TS18004 at classStaticBlock26.ts(17,12)), 11 missing
conformance/classStaticBlock6(target=es2015)
  6 missing (first TS18037 at classStaticBlock6.ts(13,9))
conformance/controlFlowAliasingCatchVariables(useunknownincatchvariables=true)
  1 missing (first TS18046 at controlFlowAliasingCatchVariables.ts(20,9))
conformance/decoratorMetadata-jsdoc(target=es2015)
  1 missing (first TS8020 at decoratorMetadata-jsdoc.ts(9,9))
conformance/decoratorOnClass8(target=es2015)
  1 missing (first TS1238 at decoratorOnClass8.ts(3,1))
conformance/decoratorOnClassAccessor7(target=es2015)
  2 missing (first TS1207 at decoratorOnClassAccessor7.ts(26,5))
conformance/decoratorOnClassConstructor2(target=es2015)
  1 missing (first TS1239 at 2.ts(4,18))
conformance/decoratorOnClassConstructor3(target=es2015)
  1 missing (first TS1239 at 2.ts(6,18))
conformance/decoratorOnClassConstructorParameter1(target=es2015)
  1 missing (first TS1239 at decoratorOnClassConstructorParameter1.ts(4,18))
conformance/decoratorOnClassMethod10(target=es2015)
  1 missing (first TS1241 at decoratorOnClassMethod10.ts(4,6))
conformance/decoratorOnClassMethod8(target=es2015)
  2 missing (first TS1241 at decoratorOnClassMethod8.ts(4,6))
conformance/decoratorOnClassProperty11(target=es2015)
  1 missing (first TS1329 at decoratorOnClassProperty11.ts(4,5))
conformance/decoratorOnClassProperty6(target=es2015)
  1 missing (first TS1240 at decoratorOnClassProperty6.ts(4,6))
conformance/decoratorOnClassProperty7(target=es2015)
  1 missing (first TS1240 at decoratorOnClassProperty7.ts(4,5))
conformance/derivedClassSuperProperties(target=es2015)
  3 unexpected (first TS2376 at derivedClassSuperProperties.ts(113,5)), 11 missing
conformance/derivedClassSuperStatementPosition(target=es2015)
  4 unexpected (first TS2376 at derivedClassSuperStatementPosition.ts(58,5)), 4 missing
conformance/emitModuleCommonJS(module=commonjs)
  1 missing (first TS2307 at a.js(4,11))
conformance/emitModuleCommonJS(module=nodenext)
  1 missing (first TS2307 at a.js(4,11))
conformance/esDecorators-classDeclaration-fields-staticAmbient(target=es2015)
  3 unexpected (first TS1039 at esDecorators-classDeclaration-fields-staticAmbient.ts(6,37)), 0 missing
conformance/esDecorators-classDeclaration-fields-staticAmbient(target=es2022)
  3 unexpected (first TS1039 at esDecorators-classDeclaration-fields-staticAmbient.ts(6,37)), 0 missing
conformance/esDecorators-classDeclaration-fields-staticAmbient(target=esnext)
  3 unexpected (first TS1039 at esDecorators-classDeclaration-fields-staticAmbient.ts(6,37)), 0 missing
conformance/esDecorators-decoratorExpression.1(experimentaldecorators=false)
  37 unexpected (first TS1359 at esDecorators-decoratorExpression.1.ts(5,4)), 22 missing
conformance/esDecorators-decoratorExpression.1(experimentaldecorators=true)
  37 unexpected (first TS1359 at esDecorators-decoratorExpression.1.ts(5,4)), 22 missing
conformance/esDecorators-decoratorExpression.3(experimentaldecorators=false)
  1 unexpected (first TS2635 at esDecorators-decoratorExpression.3.ts(7,8)), 4 missing
conformance/esDecorators-decoratorExpression.3(experimentaldecorators=true)
  1 unexpected (first TS2635 at esDecorators-decoratorExpression.3.ts(7,8)), 4 missing
conformance/importTag15(module=es2015)
  2 missing (first TS2823 at 1.js(1,30))
conformance/importTag15(module=esnext)
  2 missing (first TS2857 at 1.js(1,30))
conformance/jsDeclarationsClassesErr(target=es2015)
  16 unexpected (first TS8010 at index.js(13,11)), 0 missing
conformance/jsDeclarationsInterfaces(target=es2015)
  46 unexpected (first TS8010 at index.js(16,9)), 0 missing
conformance/labeledStatementDeclarationListInLoopNoCrash3(target=es2015)
  1 missing (first TS1344 at labeledStatementDeclarationListInLoopNoCrash3.ts(16,12))
conformance/labeledStatementDeclarationListInLoopNoCrash4(target=es2015)
  2 missing (first TS1344 at labeledStatementDeclarationListInLoopNoCrash4.ts(14,12))
conformance/nodeModulesCJSEmit1(module=node18)
  1 missing (first TS1192 at /5.cjs(2,8))
conformance/nodeModulesCJSEmit1(module=node20)
  1 missing (first TS1192 at /5.cjs(2,8))
conformance/nodeModulesCJSEmit1(module=nodenext)
  1 missing (first TS1192 at /5.cjs(2,8))
conformance/nodeModulesImportAttributesTypeModeDeclarationEmitErrors(module=node16)
  22 missing (first TS1340 at /other.ts(3,7))
conformance/nodeModulesImportAttributesTypeModeDeclarationEmitErrors(module=node18)
  22 missing (first TS1340 at /other.ts(3,7))
conformance/nodeModulesImportAttributesTypeModeDeclarationEmitErrors(module=node20)
  22 missing (first TS1340 at /other.ts(3,7))
conformance/nodeModulesImportAttributesTypeModeDeclarationEmitErrors(module=nodenext)
  22 missing (first TS1340 at /other.ts(3,7))
conformance/nodeModulesJson(module=node16)
  3 missing (first TS2339 at /loosey.cts(6,9))
conformance/nodeModulesJson(module=node18)
  6 missing (first TS2339 at /loosey.cts(6,9))
