commit: 5b1047d10d32e7d5b446be4de56b126ff42f82bb

dts_shape Summary:
What a pass means: the declarations this port emits into a .d.ts — their kind, name and order, recursing into namespaces — match upstream's, ignoring types and formatting; judged on every case with declaration output, including the ones dts_emit cannot reach because they need inference
Passed         : 900/1008 (89.29%)
Failed         : 106
Unsupported    : 2
Skipped        : 11436 (excluded from the denominator)

  2  printer: JSDocAllType
  10  skipped: a unit of this case does not parse cleanly
  8325  skipped: the emit baseline has no emitted .d.ts section
  2477  skipped: upstream recorded no .js emit baseline
  617  skipped: upstream recorded no output for this case
  7  skipped: upstream's .d.ts baseline does not reparse

First 100 of 106 failures:
compiler/amdLikeInputDeclarationEmit
  #0: want `var ExtendedClass`, got `export=`
compiler/caseInsensitiveFileSystemWithCapsImportTypeDeclarations
  #0: want `import`, got `class Broken`
compiler/classReferencedInContextualParameterWithinItsOwnBaseExpression
  #0: want `interface Pretty`, got `var A_base`
compiler/computedPropertyNameWithImportedKey
  #0: want `import`, got `function fn`
compiler/declFileImportModuleWithExportAssignment
  #0: want `import= a1`, got `var a`
compiler/declFileInternalAliases
  #3: want `  import= x`, got `  var d`
compiler/declarationEmitAliasInlineing
  #0: want `import`, got `var f`
compiler/declarationEmitBundlerConditions
  #0: want `import`, got `function makeC`
compiler/declarationEmitClassMemberWithComputedPropertyName
  #0: want `var k1`, got `var t1`
compiler/declarationEmitDefaultExportWithStaticAssignment
  #0: want `import`, got `function Example`
compiler/declarationEmitDestructuringPrivacyError
  #1: want `  class c`, got `  var <pattern>`
compiler/declarationEmitEnumReferenceViaImportEquals
  #0: want `import`, got `class Test`
compiler/declarationEmitExpressionInExtends3
  #1: want `class LocalClass`, got `interface ExportedInterface`
compiler/declarationEmitForDefaultExportClassExtendingExpression01
  #0: want `interface Greeter`, got `class <anonymous>`
compiler/declarationEmitForModuleImportingModuleAugmentationRetainsImport
  #0: want `import`, got `class ParentThing`
compiler/declarationEmitInferredTypeAlias9
  #0: want `type Foo`, got `function returnSomeGlobalValue`
compiler/declarationEmitNoInvalidCommentReuse3
  #0: want `import`, got `var _`
compiler/declarationEmitOfTypeofAliasedExport
  #0: want `import`, got `var _default`
compiler/declarationEmitPartialNodeReuseTypeOf
  #0: want `import`, got `var g`
compiler/declarationEmitPartialNodeReuseTypeReferences
  #0: want `import`, got `var g`
compiler/declarationEmitPartialReuseComputedProperty
  #0: want `import`, got `var g`
compiler/declarationEmitPreserveReferencedImports
  #0: want `import`, got `var f`
compiler/declarationEmitPrivateNameCausesError
  #0: want `var IGNORE_EXTRA_VARIABLES`, got `function ignoreExtraVariables`
compiler/declarationEmitPrivatePromiseLikeInterface
  emitted Api.d.ts, upstream emitted no declaration file
compiler/declarationEmitQualifiedAliasTypeArgument
  #0: want `import`, got `var fun`
compiler/declarationEmitReexportedSymlinkReference
  #0: want `import`, got `var ADMIN`
compiler/declarationEmitReexportedSymlinkReference2
  #0: want `import`, got `var ADMIN`
compiler/declarationEmitScopeConsistency
  #0: want `import`, got `interface A`
compiler/declarationEmitSpreadStringlyKeyedEnum
  #0: want `enum AgeGroups`, got `var SpotifyAgeGroupEnum`
compiler/declarationEmitTransitiveImportOfHtmlDeclarationItem
  #0: want `import`, got `function func`
compiler/declarationEmitTypeofDefaultExport
  #0: want `import`, got `var _default`
compiler/declarationEmitUsingAlternativeContainingModules1
  #0: want `interface IEntry`, got `var useEntries`
compiler/declarationEmitUsingAlternativeContainingModules2
  #0: want `interface IEntry`, got `var useEntries`
compiler/declarationEmitUsingTypeAlias2
  #0: want `import`, got `var bar`
compiler/declarationFunctionTypeNonlocalShouldNotBeAnError
  #1: want `  function bar`, got `  var obj`
compiler/declarationMapsMultifile
  #1: missing `import`
compiler/declarationsForFileShadowingGlobalNoError
  #0: want `import`, got `var mixin`
compiler/declarationsForIndirectTypeAliasReference
  #0: want `import`, got `export{}`
compiler/defaultDeclarationEmitDefaultImport
  #0: want `import`, got `var instance`
compiler/defaultDeclarationEmitShadowedNamedCorrectly
  #0: want `import`, got `interface Things`
compiler/enumDeclarationEmitInitializerHasImport
  #0: want `import= provider`, got `var value`
compiler/es6ImportDefaultBindingFollowedWithNamedImportDts
  #0: want `import`, got `var x1`
compiler/es6ImportDefaultBindingFollowedWithNamespaceBindingDts
  #0: want `import`, got `var x`
compiler/es6ImportNameSpaceImportDts
  #0: want `import`, got `var x`
compiler/es6ImportNamedImportDts
  #0: want `import`, got `var xxxx`
compiler/expandoFunctionNestedAssigments
  #1: want `namespace Foo`, got `var d`
compiler/exportAssignmentMembersVisibleInAugmentation
  emitted /a.d.ts, upstream emitted no declaration file
compiler/exportClassExtendingIntersection
  #0: want `import`, got `var MyExtendedClass_base`
compiler/importDecl
  #0: want `import= m4`, got `var x4`
compiler/importTypeGenericArrowTypeParenthesized
  #3: want `type MakeItWork`, got `var works2`
compiler/inferredReturnTypeIncorrectReuse1
  #2: want `var out`, got `var t`
compiler/internalAliasClassInsideLocalModuleWithoutExport
  #4: want `    import= c`, got `    var cProp`
compiler/internalAliasClassInsideTopLevelModuleWithoutExport
  #2: want `import= xc`, got `var cProp`
compiler/internalAliasFunction
  #3: want `  import= b`, got `  var bVal`
compiler/internalAliasFunctionInsideLocalModuleWithoutExport
  #3: want `  import= b`, got `  var bVal2`
compiler/internalAliasFunctionInsideTopLevelModuleWithoutExport
  #2: want `import= b`, got `var bVal`
compiler/isolatedDeclarationsAddUndefined
  emitted file2.d.ts, upstream emitted no declaration file
compiler/jsDeclarationEmitExportAssignedFunctionWithExtraTypedefsMembers
  #2: missing `type Options`
compiler/jsDeclarationsGlobalFileConstFunction
  #4: want `function SomeConstructor3`, got `var SomeConstructor3`
compiler/jsDeclarationsGlobalFileConstFunctionNamed
  #4: want `function SomeConstructor3`, got `var SomeConstructor3`
compiler/jsDeclarationsInheritedTypes
  #0: want `type A`, got `class C1`
compiler/jsFileFunctionOverloads
  #1: want `function getTypeName`, got `var identity`
compiler/jsFileFunctionOverloads2
  #1: want `function getTypeName`, got `var identity`
compiler/jsxDeclarationsWithEsModuleInteropNoCrash
  #0: want `import`, got `function Foo`
compiler/multiImportExport
  #0: want `import= Adder`, got `var Math`
compiler/nodeModuleReexportFromDottedPath
  #0: want `import`, got `var _default`
compiler/objectLiteralComputedNameNoDeclarationError
  #0: want `var Baa`, got `var Foo`
compiler/privacyCannotNameVarTypeDeclFile
  #0: want `import= Widgets`, got `function createExportedWidget1`
compiler/privacyFunctionCannotNameParameterTypeDeclFile
  #0: want `import= Widgets`, got `function createExportedWidget1`
compiler/privacyFunctionCannotNameReturnTypeDeclFile
  #0: want `import= Widgets`, got `function createExportedWidget1`
compiler/privacyGloImport
  #11: want `  import= m1_im1_private`, got `  var m1_im1_private_v1_public`
compiler/privacyGloImportParseErrors
  #16: want `  import= m1_im1_private`, got `  module "m1_M4_private"`
compiler/privacyImport
  #11: want `  import= m1_im1_private`, got `  var m1_im1_private_v1_public`
compiler/privacyTopLevelAmbientExternalModuleImportWithoutExport
  #0: want `import= im_private_mi_private`, got `var publicUse_im_private_mi_private`
compiler/symbolLinkDeclarationEmitModuleNames
  #0: want `import`, got `var CONTROLLER_CLASS`
compiler/symbolLinkDeclarationEmitModuleNamesRootDir
  #0: want `import`, got `var CONTROLLER_CLASS`
compiler/typeReferenceDirectives13
  #0: want `interface A`, got `import`
compiler/typeReferenceDirectives5
  #0: want `interface A`, got `import`
compiler/typeReferenceDirectives9
  #1: want `import`, got `var cls`
compiler/uniqueSymbolPropertyDeclarationEmit
  #0: want `import`, got `function foo`
conformance/exportDefaultNamespace
  #1: want `export=`, got `namespace someFunc`
conformance/jsDeclarationsClassMethod
  #4: missing `namespace C2`
conformance/jsDeclarationsClassStatic2
  #2: want `namespace Foo`, got `export{}`
conformance/jsDeclarationsCommonjsRelativePath
  #2: missing `class Thing`
conformance/jsDeclarationsExportDefinePropertyEmit
  #0: want `var a`, got `export{}`
conformance/jsDeclarationsExportDoubleAssignmentInClosure
  #0: want `export=`, got `var _exports`
conformance/jsDeclarationsExportedClassAliases
  #2: missing `class FancyError`
conformance/jsDeclarationsNonIdentifierInferredNames
  #0: want `var dynPropName`, got `var ExampleFunctionalComponent`
conformance/jsDeclarationsParameterTagReusesInputNodeInEmit1
  #1: want `class Base`, got `var BaseFactory`
conformance/jsDeclarationsParameterTagReusesInputNodeInEmit2
  #1: want `class Base`, got `var BaseFactory`
conformance/jsDeclarationsReferenceToClassInstanceCrossFile
  #2: missing `class Rectangle`
conformance/jsDeclarationsTypeAliases
  #3: want `function doTheThing`, got `class ExportedThing`
conformance/jsDeclarationsTypedefAndImportTypes
  #3: missing `class Wrap`
conformance/jsDeclarationsTypedefFunction
  #0: want `type ResolveRejectMap`, got `var id`
conformance/jsDeclarationsTypedefPropertyAndExportAssignment
  #3: missing `type TaskGroup`
conformance/moduleExportAliasElementAccessExpression
  the emitted .d.ts does not reparse
conformance/moduleExportDuplicateAlias
  #1: missing `function a`
conformance/moduleExportDuplicateAlias2
  #1: missing `function a`
conformance/moduleExportDuplicateAlias3
  #1: missing `function a`
conformance/noInferRedeclaration
  #0: want `import`, got `var g`
