commit: 5b1047d10d32e7d5b446be4de56b126ff42f82bb

dts_shape Summary:
What a pass means: the declarations this port emits into a .d.ts — their kind, name and order, recursing into namespaces — match upstream's, ignoring types and formatting; judged on every case with declaration output, including the ones dts_emit cannot reach because they need inference
Passed         : 703/918 (76.58%)
Failed         : 215
Skipped        : 11526 (excluded from the denominator)

  6  skipped: a unit of this case does not parse cleanly
  8418  skipped: the emit baseline has no emitted .d.ts section
  2477  skipped: upstream recorded no .js emit baseline
  617  skipped: upstream recorded no output for this case
  8  skipped: upstream's .d.ts baseline does not reparse

First 100 of 215 failures:
compiler/aliasInaccessibleModule2
  #2: want `  import= R`, got `    class C`
compiler/amdLikeInputDeclarationEmit
  #0: missing `var ExtendedClass`
compiler/classReferencedInContextualParameterWithinItsOwnBaseExpression
  #0: want `interface Pretty`, got `var A_base`
compiler/conflictingDeclarationsImportFromNamespace1
  #0: want `export=`, got `var pick`
compiler/conflictingDeclarationsImportFromNamespace2
  #0: want `export=`, got `var pick`
compiler/declFileImportModuleWithExportAssignment
  #0: want `import= a1`, got `var a`
compiler/declFileWithInternalModuleNameConflictsInExtendsClause1
  #8: want `        class W`, got `        namespace A`
compiler/declFileWithInternalModuleNameConflictsInExtendsClause2
  #13: extra `        namespace A`
compiler/declInput4
  #1: want `  class E`, got `  class C`
compiler/declarationEmitAliasFromIndirectFile
  #0: want `var _default`, got `import`
compiler/declarationEmitAliasInlineing
  #0: want `import`, got `var f`
compiler/declarationEmitClassMemberWithComputedPropertyName
  #0: want `var k1`, got `var t1`
compiler/declarationEmitComputedPropertyNameSymbol1
  emitted index.d.ts, upstream emitted no declaration file
compiler/declarationEmitComputedPropertyNameSymbol2
  emitted index.d.ts, upstream emitted no declaration file
compiler/declarationEmitDefaultExportWithStaticAssignment
  #0: want `import`, got `function Example`
compiler/declarationEmitEnumReferenceViaImportEquals
  #0: want `import`, got `class Test`
compiler/declarationEmitExpandoPropertyPrivateName
  emitted b.d.ts, upstream emitted no declaration file
compiler/declarationEmitExportAliasVisibiilityMarking
  #0: want `import`, got `var _default`
compiler/declarationEmitExpressionInExtends3
  #1: want `class LocalClass`, got `interface ExportedInterface`
compiler/declarationEmitExpressionWithNonlocalPrivateUniqueSymbol
  emitted b.d.ts, upstream emitted no declaration file
compiler/declarationEmitForDefaultExportClassExtendingExpression01
  #0: want `interface Greeter`, got `class <anonymous>`
compiler/declarationEmitForModuleImportingModuleAugmentationRetainsImport
  #0: want `import`, got `class ParentThing`
compiler/declarationEmitFunctionDuplicateNamespace
  #1: want `namespace f`, got `function f`
compiler/declarationEmitFunctionKeywordProp
  #1: want `namespace foo`, got `function bar`
compiler/declarationEmitInferredTypeAlias9
  #0: want `type Foo`, got `function returnSomeGlobalValue`
compiler/declarationEmitIsolatedDeclarationErrorNotEmittedForNonEmittedFile
  #0: want `import`, got `var middleware`
compiler/declarationEmitLateBoundAssignments
  #1: missing `namespace foo`
compiler/declarationEmitLateBoundAssignments2
  the emitted .d.ts does not reparse
compiler/declarationEmitLateBoundJSAssignments
  #1: missing `namespace foo`
compiler/declarationEmitMappedTypeDistributivityPreservesConstraints
  #0: want `type Fns`, got `var _default`
compiler/declarationEmitMultipleComputedNamesSameDomain
  #0: want `var x`, got `class Test`
compiler/declarationEmitNoInvalidCommentReuse3
  #0: want `import`, got `var _`
compiler/declarationEmitNonExportedBindingPattern
  #0: want `var <pattern>`, got `type AliasType`
compiler/declarationEmitObjectAssignedDefaultExport
  #0: want `interface Statics`, got `var C`
compiler/declarationEmitPartialNodeReuseTypeOf
  #0: want `import`, got `var g`
compiler/declarationEmitPartialNodeReuseTypeReferences
  #0: want `import`, got `var g`
compiler/declarationEmitPartialReuseComputedProperty
  #0: want `import`, got `var g`
compiler/declarationEmitPreserveReferencedImports
  #0: want `import`, got `var f`
compiler/declarationEmitPrivateNameCausesError
  #0: want `var IGNORE_EXTRA_VARIABLES`, got `function ignoreExtraVariables`
compiler/declarationEmitPrivatePromiseLikeInterface
  emitted Api.d.ts, upstream emitted no declaration file
compiler/declarationEmitPrivateSymbolCausesVarDeclarationEmit2
  #0: want `import`, got `class C`
compiler/declarationEmitPrivateSymbolCausesVarDeclarationToBeEmitted
  #0: want `var _data`, got `class User`
compiler/declarationEmitQualifiedAliasTypeArgument
  #0: want `import`, got `var fun`
compiler/declarationEmitReadonlyComputedProperty
  emitted index.d.ts, upstream emitted no declaration file
compiler/declarationEmitRetainedAnnotationRetainsImportInOutput
  #0: want `type Whatever`, got `var run`
compiler/declarationEmitReusesLambdaParameterNodes
  #0: want `type Whatever`, got `import`
compiler/declarationEmitScopeConsistency
  #0: want `import`, got `interface A`
compiler/declarationEmitSpreadStringlyKeyedEnum
  #0: want `enum AgeGroups`, got `var SpotifyAgeGroupEnum`
compiler/declarationEmitTransitiveImportOfHtmlDeclarationItem
  #0: want `import`, got `function func`
compiler/declarationEmitTypeAliasWithTypeParameters5
  #2: want `export{}`, got `function foo`
compiler/declarationMapsMultifile
  #1: missing `import`
compiler/declarationsForFileShadowingGlobalNoError
  #0: want `import`, got `type Constructor`
compiler/declarationsForIndirectTypeAliasReference
  #0: want `import`, got `export{}`
compiler/declarationsIndirectGeneratedAliasReference
  #0: want `import`, got `var MyComp`
compiler/declareDottedModuleName
  #1: want `namespace M`, got `  namespace P`
compiler/declareFileExportAssignmentWithVarFromVariableStatement
  #3: want `var m2`, got `var x, m2`
compiler/defaultDeclarationEmitDefaultImport
  #0: want `import`, got `var instance`
compiler/defaultDeclarationEmitShadowedNamedCorrectly
  #0: want `import`, got `interface Things`
compiler/destructuredDeclarationEmit
  #2: want `var <pattern>`, got `export{}`
compiler/duplicateIdentifiersAcrossFileBoundaries
  #8: extra `    var t`
compiler/enumDeclarationEmitInitializerHasImport
  #0: want `import= provider`, got `var value`
compiler/es6ImportDefaultBindingFollowedWithNamedImportDts
  #0: want `import`, got `var x1`
compiler/es6ImportDefaultBindingFollowedWithNamespaceBindingDts
  #0: want `import`, got `var x`
compiler/es6ImportNameSpaceImportDts
  #0: want `import`, got `var x`
compiler/es6ImportNamedImportDts
  #0: want `import`, got `var xxxx`
compiler/expandoFunctionBlockShadowing
  #2: missing `namespace Y`
compiler/expandoFunctionNestedAssigments
  #1: want `namespace Foo`, got `var d`
compiler/exportClassExtendingIntersection
  #0: want `import`, got `var MyExtendedClass_base`
compiler/globalThisDeclarationEmit
  emitted index.d.ts, upstream emitted no declaration file
compiler/importAliasFromNamespace
  #2: want `    class Foo`, got `    import= Internal`
compiler/importDecl
  #0: want `import= m4`, got `var x4`
compiler/importTypeGenericArrowTypeParenthesized
  #3: want `type MakeItWork`, got `var works2`
compiler/importedAliasedConditionalTypeInstantiation
  #0: want `type Handler`, got `export{}`
compiler/inferredReturnTypeIncorrectReuse1
  #2: want `var out`, got `var t`
compiler/internalAliasClassInsideLocalModuleWithExport
  #6: want `var d`, got `    var cReturnVal`
compiler/internalAliasClassInsideLocalModuleWithoutExport
  #6: extra `    var cReturnVal`
compiler/internalAliasClassInsideTopLevelModuleWithoutExport
  #2: want `import= xc`, got `var cProp`
compiler/internalAliasFunctionInsideLocalModuleWithoutExport
  #4: want `  var bVal2`, got `  var bVal`
compiler/internalAliasFunctionInsideTopLevelModuleWithoutExport
  #2: want `import= b`, got `var bVal`
compiler/internalAliasVar
  #3: want `  var bVal`, got `  import= b`
compiler/internalAliasWithDottedNameEmit
  #7: extra `      import= g`
compiler/intrinsics
  #3: want `class Foo`, got `  interface __proto__`
compiler/isolatedDeclarationErrorsDefault
  emitted a.d.ts, upstream emitted no declaration file
compiler/isolatedDeclarationsAddUndefined
  emitted file2.d.ts, upstream emitted no declaration file
compiler/jsDeclarationEmitDoesNotRenameImport
  #1: want `type Options`, got `class X`
compiler/jsDeclarationEmitExportAssignedArray
  #0: missing `var _exports`
compiler/jsDeclarationEmitExportAssignedFunctionWithExtraTypedefsMembers
  #0: missing `export=`
compiler/jsDeclarationEmitExportedClassWithExtends
  #0: want `export{}`, got `import`
compiler/jsDeclarationsGlobalFileConstFunction
  #4: want `function SomeConstructor3`, got `var SomeConstructor3`
compiler/jsDeclarationsGlobalFileConstFunctionNamed
  #4: want `function SomeConstructor3`, got `var SomeConstructor3`
compiler/jsDeclarationsInheritedTypes
  #0: want `type A`, got `class C1`
compiler/jsDocDeclarationEmitDoesNotUseNodeModulesPathWithoutError
  #0: want `type LionRequestInit`, got `class NewAjax`
compiler/jsExportAssignmentNonMutableLocation
  #0: want `var _exports`, got `var customSymbol`
compiler/jsFileAlternativeUseOfOverloadTag
  #2: want `type callback`, got `var example3`
compiler/jsFileFunctionOverloads
  #1: want `function getTypeName`, got `var identity`
compiler/jsFileFunctionOverloads2
  #1: want `function getTypeName`, got `var identity`
compiler/jsxDeclarationsWithEsModuleInteropNoCrash
  #0: want `import`, got `function Foo`
compiler/lateBoundAssignmentCandidateJS2
  #0: want `var prop`, got `class foo1`
compiler/lateBoundFunctionMemberAssignmentDeclarations
  #1: missing `namespace foo`
compiler/letDeclarations2
  #1: want `  var l2`, got `  var l1`
