commit: 5b1047d10d32e7d5b446be4de56b126ff42f82bb

file_loader Summary:
What a pass means: the loader requests the resolutions upstream's .trace.json records, in order
Passed         : 76/76 (100.00%)
Skipped        : 12368 (excluded from the denominator)

  47  skipped: case configures itself with a tsconfig.json, which needs tsr-tsoptions (bd tsr-9or slice 3)
  12289  skipped: case does not set @traceResolution, so upstream records no trace
  13  skipped: configuration-varied trace baselines (bd tsr-bb4.1)
  3  skipped: libReplacement resolves the bundled lib files, which the loader does not load (bd tsr-9or.5)
  2  skipped: upstream skips this case: unsupported baseUrl /
  1  skipped: upstream skips this case: unsupported baseUrl c:/root
  3  skipped: upstream skips this case: unsupported module kind AMD
  5  skipped: upstream skips this case: unsupported module resolution kind Classic
  3  skipped: upstream skips this case: unsupported module resolution kind Node10
  2  skipped: upstream skips this case: unsupported outFile
