commit: 5b1047d10d32e7d5b446be4de56b126ff42f82bb

printer_round_trip Summary:
What a pass means: every unit of the case parses, prints, and reparses to the same tree
Passed         : 11822/11831 (99.92%)
Failed         : 6
Unsupported    : 3
Skipped        : 613 (excluded from the denominator)

  1  printer does not implement JSDocNonNullableType
  2  printer does not implement JSDocNullableType
  613  skipped: the case does not parse cleanly, so there is no tree to preserve

compiler/accessorBodyInTypeContext
  tree differs at node 4: Block became TypeAliasDeclaration
compiler/errorOnInitializerInInterfaceProperty
  tree has 5 nodes, printed has 4
compiler/errorOnInitializerInObjectTypeLiteralProperty
  tree differs at node 6: NumericLiteral(5) became VariableStatement
compiler/modifiersInObjectLiterals
  tree differs at node 4: PublicKeyword(PublicKeyword) became Identifier(foo)
compiler/throwWithoutNewLine2
  printed text does not parse: Expression expected.
conformance/definiteAssignmentAssertionsWithObjectShortHand
  ExclamationToken count changed: 1 became 0
